I251128 20:26:44.199146 1192 util/log/file_sync_buffer.go:237 ⋮ [config]   file created at: 2025/11/28 20:26:44
I251128 20:26:44.199151 1192 util/log/file_sync_buffer.go:237 ⋮ [config]   running on machine: ‹Mac.lan›
I251128 20:26:44.199156 1192 util/log/file_sync_buffer.go:237 ⋮ [config]   binary: CockroachDB CCL v25.3.5-dev (darwin arm64, built , go1.23.12 X:nocoverageredesign)
I251128 20:26:44.199159 1192 util/log/file_sync_buffer.go:237 ⋮ [config]   arguments: [‹/Users/harris/Documents/cpi-ns/juicer/juicer-cc/cockroach-juicer/cockroach› ‹start› ‹--store=path=cockroach-data/node3,size=5GB› ‹--listen-addr=localhost:26259› ‹--http-addr=localhost:8082› ‹--join=localhost:26257,localhost:26258,localhost:26259› ‹--log-dir=logs/node3› ‹--cluster-name=default› ‹--insecure›]
I251128 20:26:44.199168 1192 util/log/file_sync_buffer.go:237 ⋮ [config]   log format (utf8=✓): crdb-v2
I251128 20:26:44.199179 1192 util/log/file_sync_buffer.go:237 ⋮ [config]   line format: [IWEF]yymmdd hh:mm:ss.uuuuuu goid [chan@]file:line redactionmark \[tags\] [counter] msg
I251128 20:26:44.198934 1192 13@kv/kvserver/replica_raftstorage.go:535 ⋮ [T1,Vsystem,n2,s2,r52/2:{-}] 1  applying snapshot ea62dc0b from (n1,s1):1 at applied index 15
I251128 20:26:44.329096 1152 13@kv/kvserver/replica_raftstorage.go:535 ⋮ [T1,Vsystem,n2,s2,r36/2:{-}] 2  applying snapshot 0fee4ffe from (n1,s1):1 at applied index 15
I251128 20:26:44.677942 1312 13@kv/kvserver/replica_raftstorage.go:535 ⋮ [T1,Vsystem,n2,s2,r3/2:{-}] 3  applying snapshot 759b5db1 from (n1,s1):1 at applied index 28
I251128 20:26:45.012936 1534 13@kv/kvserver/replica_raftstorage.go:535 ⋮ [T1,Vsystem,n2,s2,r65/2:{-}] 4  applying snapshot 017b4ea8 from (n1,s1):1 at applied index 15
I251128 20:26:45.260945 1463 13@kv/kvserver/replica_raftstorage.go:535 ⋮ [T1,Vsystem,n2,s2,r28/2:{-}] 5  applying snapshot 55093c9c from (n1,s1):1 at applied index 15
I251128 20:26:45.635946 1580 13@kv/kvserver/replica_raftstorage.go:535 ⋮ [T1,Vsystem,n2,s2,r23/2:{-}] 6  applying snapshot a4d6b16f from (n1,s1):1 at applied index 15
I251128 20:26:46.012967 1599 13@kv/kvserver/replica_raftstorage.go:535 ⋮ [T1,Vsystem,n2,s2,r62/2:{-}] 7  applying snapshot 202b7916 from (n1,s1):1 at applied index 15
I251128 20:26:46.160984 1647 13@kv/kvserver/replica_raftstorage.go:535 ⋮ [T1,Vsystem,n2,s2,r15/2:{-}] 8  applying snapshot cff22abf from (n1,s1):1 at applied index 54
I251128 20:26:46.426993 1658 13@kv/kvserver/replica_raftstorage.go:535 ⋮ [T1,Vsystem,n2,s2,r22/2:{-}] 9  applying snapshot e7fabac4 from (n1,s1):1 at applied index 15
I251128 20:26:46.541963 1709 13@kv/kvserver/replica_raftstorage.go:535 ⋮ [T1,Vsystem,n2,s2,r37/2:{-}] 10  applying snapshot f5482bc8 from (n1,s1):1 at applied index 15
I251128 20:26:46.790949 1665 13@kv/kvserver/replica_raftstorage.go:535 ⋮ [T1,Vsystem,n2,s2,r61/2:{-}] 11  applying snapshot 43a2cbd5 from (n1,s1):1 at applied index 15
I251128 20:26:47.175973 1672 13@kv/kvserver/replica_raftstorage.go:535 ⋮ [T1,Vsystem,n2,s2,r13/2:{-}] 12  applying snapshot 1b7e989c from (n1,s1):1 at applied index 15
I251128 20:26:47.299159 1778 13@kv/kvserver/replica_raftstorage.go:535 ⋮ [T1,Vsystem,n2,s2,r10/2:{-}] 13  applying snapshot b67d21b6 from (n1,s1):1 at applied index 18
I251128 20:26:47.550011 1781 13@kv/kvserver/replica_raftstorage.go:535 ⋮ [T1,Vsystem,n2,s2,r74/2:{-}] 14  applying snapshot 3c15db82 from (n1,s1):1 at applied index 15
I251128 20:26:47.979974 1776 13@kv/kvserver/replica_raftstorage.go:535 ⋮ [T1,Vsystem,n2,s2,r35/2:{-}] 15  applying snapshot bd989e88 from (n1,s1):1 at applied index 15
I251128 20:26:48.132980 1678 13@kv/kvserver/replica_raftstorage.go:535 ⋮ [T1,Vsystem,n2,s2,r43/2:{-}] 16  applying snapshot 48939d2e from (n1,s1):1 at applied index 17
I251128 20:26:48.589953 1871 13@kv/kvserver/replica_raftstorage.go:535 ⋮ [T1,Vsystem,n2,s2,r73/2:{-}] 17  applying snapshot 86837d9b from (n1,s1):1 at applied index 19
I251128 20:26:48.889018 1831 13@kv/kvserver/replica_raftstorage.go:535 ⋮ [T1,Vsystem,n2,s2,r8/2:{-}] 18  applying snapshot e10e8e7a from (n1,s1):1 at applied index 20
I251128 20:26:48.905211 1923 13@kv/kvserver/allocator/allocatorimpl/allocator.go:2212 ⋮ [T1,Vsystem,n2,lease,s2,r8/2:/Table/{4-5}] 19  expected leaseholder store to be in the slice of existing replicas
I251128 20:26:49.047964 1894 13@kv/kvserver/replica_raftstorage.go:535 ⋮ [T1,Vsystem,n2,s2,r20/2:{-}] 20  applying snapshot 7a803972 from (n1,s1):1 at applied index 15
I251128 20:26:49.324027 1690 13@kv/kvserver/replica_raftstorage.go:535 ⋮ [T1,Vsystem,n2,s2,r31/2:{-}] 21  applying snapshot a1ce6a4d from (n1,s1):1 at applied index 15
I251128 20:26:49.338111 1967 13@kv/kvserver/allocator/allocatorimpl/allocator.go:2212 ⋮ [T1,Vsystem,n2,lease,s2,r31/2:/Table/2{8-9}] 22  expected leaseholder store to be in the slice of existing replicas
I251128 20:26:49.892971 2118 13@kv/kvserver/replica_raftstorage.go:535 ⋮ [T1,Vsystem,n2,s2,r17/2:{-}] 23  applying snapshot a39fd2ef from (n1,s1):1 at applied index 15
I251128 20:26:49.909166 2147 13@kv/kvserver/allocator/allocatorimpl/allocator.go:2212 ⋮ [T1,Vsystem,n2,lease,s2,r17/2:/Table/1{4-5}] 24  expected leaseholder store to be in the slice of existing replicas
I251128 20:26:50.215993 2150 13@kv/kvserver/replica_raftstorage.go:535 ⋮ [T1,Vsystem,n2,s2,r60/2:{-}] 25  applying snapshot 47bbb069 from (n1,s1):1 at applied index 15
I251128 20:26:50.231426 2179 13@kv/kvserver/allocator/allocatorimpl/allocator.go:2212 ⋮ [T1,Vsystem,n2,lease,s2,r60/2:/Table/5{8-9}] 26  expected leaseholder store to be in the slice of existing replicas
I251128 20:26:50.370000 2133 13@kv/kvserver/replica_raftstorage.go:535 ⋮ [T1,Vsystem,n2,s2,r16/2:{-}] 27  applying snapshot 3620a701 from (n1,s1):1 at applied index 104
I251128 20:26:50.385221 2215 13@kv/kvserver/allocator/allocatorimpl/allocator.go:2212 ⋮ [T1,Vsystem,n2,lease,s2,r16/2:/Table/1{3-4}] 28  expected leaseholder store to be in the slice of existing replicas
I251128 20:26:50.821051 2218 13@kv/kvserver/replica_raftstorage.go:535 ⋮ [T1,Vsystem,n2,s2,r30/2:{-}] 29  applying snapshot 557a3227 from (n1,s1):1 at applied index 15
I251128 20:26:50.837667 2171 13@kv/kvserver/allocator/allocatorimpl/allocator.go:2212 ⋮ [T1,Vsystem,n2,lease,s2,r30/2:/Table/2{7-8}] 30  expected leaseholder store to be in the slice of existing replicas
I251128 20:26:50.984000 2231 13@kv/kvserver/replica_raftstorage.go:535 ⋮ [T1,Vsystem,n2,s2,r55/2:{-}] 31  applying snapshot a0f711d1 from (n1,s1):1 at applied index 15
I251128 20:26:50.999269 2240 13@kv/kvserver/allocator/allocatorimpl/allocator.go:2212 ⋮ [T1,Vsystem,n2,lease,s2,r55/2:/Table/5{3-4}] 32  expected leaseholder store to be in the slice of existing replicas
I251128 20:26:51.320021 2258 13@kv/kvserver/replica_raftstorage.go:535 ⋮ [T1,Vsystem,n2,s2,r21/2:{-}] 33  applying snapshot 0b655b04 from (n1,s1):1 at applied index 15
I251128 20:26:51.336215 2246 13@kv/kvserver/allocator/allocatorimpl/allocator.go:2212 ⋮ [T1,Vsystem,n2,lease,s2,r21/2:/Table/1{8-9}] 34  expected leaseholder store to be in the slice of existing replicas
I251128 20:26:51.660001 2272 13@kv/kvserver/replica_raftstorage.go:535 ⋮ [T1,Vsystem,n2,s2,r58/2:{-}] 35  applying snapshot 14f0058c from (n1,s1):1 at applied index 15
I251128 20:26:51.681221 1818 13@kv/kvserver/allocator/allocatorimpl/allocator.go:2212 ⋮ [T1,Vsystem,n2,lease,s2,r58/2:/Table/5{6-7}] 36  expected leaseholder store to be in the slice of existing replicas
I251128 20:26:51.983072 2176 13@kv/kvserver/replica_raftstorage.go:535 ⋮ [T1,Vsystem,n2,s2,r39/2:{-}] 37  applying snapshot 6a64faf9 from (n1,s1):1 at applied index 15
I251128 20:26:51.997230 2316 13@kv/kvserver/allocator/allocatorimpl/allocator.go:2212 ⋮ [T1,Vsystem,n2,lease,s2,r39/2:/Table/3{6-7}] 38  expected leaseholder store to be in the slice of existing replicas
I251128 20:26:52.510102 2207 13@kv/kvserver/replica_raftstorage.go:535 ⋮ [T1,Vsystem,n2,s2,r6/2:{-}] 39  applying snapshot c75da16a from (n1,s1):1 at applied index 15
I251128 20:26:52.524443 2357 13@kv/kvserver/allocator/allocatorimpl/allocator.go:2212 ⋮ [T1,Vsystem,n2,lease,s2,r6/2:/Table/{0-3}] 40  expected leaseholder store to be in the slice of existing replicas
I251128 20:26:52.850019 2296 13@kv/kvserver/replica_raftstorage.go:535 ⋮ [T1,Vsystem,n2,s2,r11/2:{-}] 41  applying snapshot c910a986 from (n1,s1):1 at applied index 21
I251128 20:26:52.864300 2329 13@kv/kvserver/allocator/allocatorimpl/allocator.go:2212 ⋮ [T1,Vsystem,n2,lease,s2,r11/2:/Table/{7-8}] 42  expected leaseholder store to be in the slice of existing replicas
I251128 20:26:53.264066 2361 13@kv/kvserver/replica_raftstorage.go:535 ⋮ [T1,Vsystem,n2,s2,r5/2:{-}] 43  applying snapshot 1426e443 from (n1,s1):1 at applied index 1706
I251128 20:26:53.332703 2407 13@kv/kvserver/allocator/allocatorimpl/allocator.go:2212 ⋮ [T1,Vsystem,n2,lease,s2,r5/2:/{System‹tse›-Table/0}] 44  expected leaseholder store to be in the slice of existing replicas
I251128 20:26:53.597054 2379 13@kv/kvserver/replica_raftstorage.go:535 ⋮ [T1,Vsystem,n2,s2,r53/2:{-}] 45  applying snapshot 969bc19f from (n1,s1):1 at applied index 15
I251128 20:26:53.633375 2437 13@kv/kvserver/allocator/allocatorimpl/allocator.go:2212 ⋮ [T1,Vsystem,n2,lease,s2,r53/2:/Table/5{1-2}] 46  expected leaseholder store to be in the slice of existing replicas
I251128 20:26:54.071050 2427 13@kv/kvserver/replica_raftstorage.go:535 ⋮ [T1,Vsystem,n2,s2,r51/2:{-}] 47  applying snapshot f99e06f9 from (n1,s1):1 at applied index 15
I251128 20:26:54.097354 2498 13@kv/kvserver/allocator/allocatorimpl/allocator.go:2212 ⋮ [T1,Vsystem,n2,lease,s2,r51/2:/Table/{48-50}] 48  expected leaseholder store to be in the slice of existing replicas
I251128 20:26:54.198333 715 13@spanconfig/spanconfigstore/store.go:364 ⋮ [T1,Vsystem,n2] 49  changing the spanconfig for span:‹/Table/4{2-3}› from:{RangeMinBytes:134217728 RangeMaxBytes:536870912 GCPolicy:{TTLSeconds:14400 ProtectionPolicies:[] IgnoreStrictEnforcement:true} GlobalReads:false NumReplicas:5 NumVoters:0 Constraints:[] VoterConstraints:[] LeasePreferences:[] RangefeedEnabled:true ExcludeDataFromBackup:false} to:{RangeMinBytes:134217728 RangeMaxBytes:536870912 GCPolicy:{TTLSeconds:3600 ProtectionPolicies:[] IgnoreStrictEnforcement:true} GlobalReads:false NumReplicas:5 NumVoters:0 Constraints:[] VoterConstraints:[] LeasePreferences:[] RangefeedEnabled:true ExcludeDataFromBackup:false}
I251128 20:26:54.198419 715 13@spanconfig/spanconfigstore/store.go:364 ⋮ [T1,Vsystem,n2] 50  changing the spanconfig for span:‹/Table/4{3-4}› from:{RangeMinBytes:134217728 RangeMaxBytes:536870912 GCPolicy:{TTLSeconds:14400 ProtectionPolicies:[] IgnoreStrictEnforcement:true} GlobalReads:false NumReplicas:5 NumVoters:0 Constraints:[] VoterConstraints:[] LeasePreferences:[] RangefeedEnabled:true ExcludeDataFromBackup:false} to:{RangeMinBytes:134217728 RangeMaxBytes:536870912 GCPolicy:{TTLSeconds:3600 ProtectionPolicies:[] IgnoreStrictEnforcement:true} GlobalReads:false NumReplicas:5 NumVoters:0 Constraints:[] VoterConstraints:[] LeasePreferences:[] RangefeedEnabled:true ExcludeDataFromBackup:false}
I251128 20:26:54.198438 715 13@spanconfig/spanconfigstore/store.go:364 ⋮ [T1,Vsystem,n2] 51  changing the spanconfig for span:‹/Table/5{8-9}› from:{RangeMinBytes:134217728 RangeMaxBytes:536870912 GCPolicy:{TTLSeconds:14400 ProtectionPolicies:[] IgnoreStrictEnforcement:true} GlobalReads:false NumReplicas:5 NumVoters:0 Constraints:[] VoterConstraints:[] LeasePreferences:[] RangefeedEnabled:true ExcludeDataFromBackup:false} to:{RangeMinBytes:134217728 RangeMaxBytes:536870912 GCPolicy:{TTLSeconds:3600 ProtectionPolicies:[] IgnoreStrictEnforcement:true} GlobalReads:false NumReplicas:5 NumVoters:0 Constraints:[] VoterConstraints:[] LeasePreferences:[] RangefeedEnabled:true ExcludeDataFromBackup:false}
I251128 20:26:54.198456 715 13@spanconfig/spanconfigstore/store.go:364 ⋮ [T1,Vsystem,n2] 52  changing the spanconfig for span:‹/Table/6{1-2}› from:{RangeMinBytes:134217728 RangeMaxBytes:536870912 GCPolicy:{TTLSeconds:14400 ProtectionPolicies:[] IgnoreStrictEnforcement:true} GlobalReads:false NumReplicas:5 NumVoters:0 Constraints:[] VoterConstraints:[] LeasePreferences:[] RangefeedEnabled:true ExcludeDataFromBackup:false} to:{RangeMinBytes:134217728 RangeMaxBytes:536870912 GCPolicy:{TTLSeconds:3600 ProtectionPolicies:[] IgnoreStrictEnforcement:true} GlobalReads:false NumReplicas:5 NumVoters:0 Constraints:[] VoterConstraints:[] LeasePreferences:[] RangefeedEnabled:true ExcludeDataFromBackup:false}
I251128 20:26:54.198474 715 13@spanconfig/spanconfigstore/store.go:364 ⋮ [T1,Vsystem,n2] 53  changing the spanconfig for span:‹/Table/6{2-3}› from:{RangeMinBytes:134217728 RangeMaxBytes:536870912 GCPolicy:{TTLSeconds:14400 ProtectionPolicies:[] IgnoreStrictEnforcement:true} GlobalReads:false NumReplicas:5 NumVoters:0 Constraints:[] VoterConstraints:[] LeasePreferences:[] RangefeedEnabled:true ExcludeDataFromBackup:false} to:{RangeMinBytes:134217728 RangeMaxBytes:536870912 GCPolicy:{TTLSeconds:3600 ProtectionPolicies:[] IgnoreStrictEnforcement:true} GlobalReads:false NumReplicas:5 NumVoters:0 Constraints:[] VoterConstraints:[] LeasePreferences:[] RangefeedEnabled:true ExcludeDataFromBackup:false}
I251128 20:26:54.404065 2444 13@kv/kvserver/replica_raftstorage.go:535 ⋮ [T1,Vsystem,n2,s2,r45/3:{-}] 54  applying snapshot 9a0d60f2 from (n3,s3):2 at applied index 25
I251128 20:26:55.113111 2522 13@kv/kvserver/replica_raftstorage.go:535 ⋮ [T1,Vsystem,n2,s2,r54/2:{-}] 55  applying snapshot f0160099 from (n1,s1):1 at applied index 15
I251128 20:26:55.145315 2628 13@kv/kvserver/allocator/allocatorimpl/allocator.go:2212 ⋮ [T1,Vsystem,n2,lease,s2,r54/2:/Table/5{2-3}] 56  expected leaseholder store to be in the slice of existing replicas
I251128 20:26:55.418078 2567 13@kv/kvserver/replica_raftstorage.go:535 ⋮ [T1,Vsystem,n2,s2,r49/2:{-}] 57  applying snapshot 204711f2 from (n1,s1):1 at applied index 18
I251128 20:26:55.436294 2645 13@kv/kvserver/allocator/allocatorimpl/allocator.go:2212 ⋮ [T1,Vsystem,n2,lease,s2,r49/2:/Table/4{6-7}] 58  expected leaseholder store to be in the slice of existing replicas
I251128 20:26:56.175279 2583 13@kv/kvserver/allocator/plan/replicate.go:417 ⋮ [T1,Vsystem,n2,replicate,s2,r62/2:/Table/6{0-1}] 59  adding voter n3,s3: [1:22, 2*:22]
I251128 20:26:56.217098 2623 13@kv/kvserver/replica_raftstorage.go:535 ⋮ [T1,Vsystem,n2,s2,r70/2:{-}] 60  applying snapshot d377bf2d from (n1,s1):1 at applied index 32
I251128 20:26:56.224234 2583 13@kv/kvserver/replica_command.go:2535 ⋮ [T1,Vsystem,n2,replicate,s2,r62/2:/Table/6{0-1}] 61  change replicas (add [(n3,s3):3LEARNER] remove []): existing descriptor r62:/Table/6{0-1} [(n1,s1):1, (n2,s2):2, next=3, gen=2]
I251128 20:26:56.235393 2609 13@kv/kvserver/allocator/allocatorimpl/allocator.go:2212 ⋮ [T1,Vsystem,n2,lease,s2,r70/2:/Table/6{8-9}] 62  expected leaseholder store to be in the slice of existing replicas
I251128 20:26:56.242354 2583 13@kv/kvserver/replica_raft.go:419 ⋮ [T1,Vsystem,n2,s2,r62/2:/Table/6{0-1}] 63  proposing SIMPLE(l3) [(n3,s3):3LEARNER]: after=[(n1,s1):1 (n2,s2):2 (n3,s3):3LEARNER] next=4
I251128 20:26:56.274524 2380 13@kv/kvserver/store_snapshot.go:894 ⋮ [T1,Vsystem,n2,s2,r62/2:/Table/6{0-1}] 64  streamed snapshot bc722f07 at applied index 24 to (n3,s3):3LEARNER with 782 B in 0.00s @ 5.1 MiB/s: kvs=12 rangeKVs=0 sharedSSTs=0, externalSSTs=0, rate-limit: 32 MiB/s, queued: 0.02s
I251128 20:26:56.481795 2583 13@kv/kvserver/replica_command.go:2535 ⋮ [T1,Vsystem,n2,replicate,s2,r62/2:/Table/6{0-1}] 65  change replicas (add [(n3,s3):3] remove []): existing descriptor r62:/Table/6{0-1} [(n1,s1):1, (n2,s2):2, (n3,s3):3LEARNER, next=4, gen=3]
I251128 20:26:56.495366 2583 13@kv/kvserver/replica_raft.go:419 ⋮ [T1,Vsystem,n2,s2,r62/2:/Table/6{0-1}] 66  proposing SIMPLE(v3) [(n3,s3):3]: after=[(n1,s1):1 (n2,s2):2 (n3,s3):3] next=4
I251128 20:26:56.737159 2743 13@kv/kvserver/replica_raftstorage.go:535 ⋮ [T1,Vsystem,n2,s2,r48/3:{-}] 67  applying snapshot d3a8d955 from (n1,s1):1 at applied index 21
I251128 20:26:56.759375 2736 13@kv/kvserver/allocator/allocatorimpl/allocator.go:2212 ⋮ [T1,Vsystem,n2,lease,s2,r48/3:/Table/4{5-6}] 68  expected leaseholder store to be in the slice of existing replicas
I251128 20:26:57.162274 2787 13@kv/kvserver/allocator/plan/replicate.go:417 ⋮ [T1,Vsystem,n2,replicate,s2,r13/2:/Table/{9-11}] 69  adding voter n3,s3: [1:22, 2*:22]
I251128 20:26:57.214246 2787 13@kv/kvserver/replica_command.go:2535 ⋮ [T1,Vsystem,n2,replicate,s2,r13/2:/Table/{9-11}] 70  change replicas (add [(n3,s3):3LEARNER] remove []): existing descriptor r13:/Table/{9-11} [(n1,s1):1, (n2,s2):2, next=3, gen=2]
I251128 20:26:57.231463 2787 13@kv/kvserver/replica_raft.go:419 ⋮ [T1,Vsystem,n2,s2,r13/2:/Table/{9-11}] 71  proposing SIMPLE(l3) [(n3,s3):3LEARNER]: after=[(n1,s1):1 (n2,s2):2 (n3,s3):3LEARNER] next=4
I251128 20:26:57.266047 2762 13@kv/kvserver/store_snapshot.go:894 ⋮ [T1,Vsystem,n2,s2,r13/2:/Table/{9-11}] 72  streamed snapshot afcfe0e1 at applied index 24 to (n3,s3):3LEARNER with 782 B in 0.00s @ 10 MiB/s: kvs=12 rangeKVs=0 sharedSSTs=0, externalSSTs=0, rate-limit: 32 MiB/s, queued: 0.02s
I251128 20:26:57.409088 2791 13@kv/kvserver/replica_raftstorage.go:535 ⋮ [T1,Vsystem,n2,s2,r26/3:{-}] 73  applying snapshot 0d6d32d5 from (n1,s1):1 at applied index 24
I251128 20:26:57.435389 2768 13@kv/kvserver/allocator/allocatorimpl/allocator.go:2212 ⋮ [T1,Vsystem,n2,lease,s2,r26/3:/Table/2{3-4}] 74  expected leaseholder store to be in the slice of existing replicas
I251128 20:26:57.462747 2787 13@kv/kvserver/replica_command.go:2535 ⋮ [T1,Vsystem,n2,replicate,s2,r13/2:/Table/{9-11}] 75  change replicas (add [(n3,s3):3] remove []): existing descriptor r13:/Table/{9-11} [(n1,s1):1, (n2,s2):2, (n3,s3):3LEARNER, next=4, gen=3]
I251128 20:26:57.481335 2787 13@kv/kvserver/replica_raft.go:419 ⋮ [T1,Vsystem,n2,s2,r13/2:/Table/{9-11}] 76  proposing SIMPLE(v3) [(n3,s3):3]: after=[(n1,s1):1 (n2,s2):2 (n3,s3):3] next=4
I251128 20:26:58.095137 2797 13@kv/kvserver/replica_raftstorage.go:535 ⋮ [T1,Vsystem,n2,s2,r41/3:{-}] 77  applying snapshot 6fb92096 from (n1,s1):1 at applied index 21
I251128 20:26:58.126679 2869 13@kv/kvserver/allocator/allocatorimpl/allocator.go:2212 ⋮ [T1,Vsystem,n2,lease,s2,r41/3:/Table/3{8-9}] 78  expected leaseholder store to be in the slice of existing replicas
I251128 20:26:58.443133 2801 13@kv/kvserver/replica_raftstorage.go:535 ⋮ [T1,Vsystem,n2,s2,r67/3:{-}] 79  applying snapshot a98644cc from (n3,s3):2 at applied index 24
I251128 20:26:58.690145 2865 13@kv/kvserver/replica_raftstorage.go:535 ⋮ [T1,Vsystem,n2,s2,r2/3:{-}] 80  applying snapshot 1668f630 from (n1,s1):1 at applied index 43
I251128 20:26:59.199156 2873 13@kv/kvserver/replica_raftstorage.go:535 ⋮ [T1,Vsystem,n2,s2,r33/3:{-}] 81  applying snapshot 4d9d5dcb from (n1,s1):1 at applied index 27
I251128 20:26:59.229433 2948 13@kv/kvserver/allocator/allocatorimpl/allocator.go:2212 ⋮ [T1,Vsystem,n2,lease,s2,r33/3:/NamespaceTable/{30-Max}] 82  expected leaseholder store to be in the slice of existing replicas
I251128 20:26:59.465164 2927 13@kv/kvserver/replica_raftstorage.go:535 ⋮ [T1,Vsystem,n2,s2,r66/3:{-}] 83  applying snapshot d4c8aa77 from (n1,s1):1 at applied index 21
I251128 20:26:59.491406 2971 13@kv/kvserver/allocator/allocatorimpl/allocator.go:2212 ⋮ [T1,Vsystem,n2,lease,s2,r66/3:/Table/6{4-5}] 84  expected leaseholder store to be in the slice of existing replicas
I251128 20:26:59.968148 2839 13@kv/kvserver/replica_raftstorage.go:535 ⋮ [T1,Vsystem,n2,s2,r25/3:{-}] 85  applying snapshot 1a464bc4 from (n1,s1):1 at applied index 21
I251128 20:26:59.997746 3003 13@kv/kvserver/allocator/allocatorimpl/allocator.go:2212 ⋮ [T1,Vsystem,n2,lease,s2,r25/3:/Table/2{2-3}] 86  expected leaseholder store to be in the slice of existing replicas
I251128 20:27:00.254127 3006 13@kv/kvserver/replica_raftstorage.go:535 ⋮ [T1,Vsystem,n2,s2,r38/3:{-}] 87  applying snapshot 85e4e422 from (n1,s1):1 at applied index 21
I251128 20:27:00.273306 3045 13@kv/kvserver/allocator/allocatorimpl/allocator.go:2212 ⋮ [T1,Vsystem,n2,lease,s2,r38/3:/Table/3{5-6}] 88  expected leaseholder store to be in the slice of existing replicas
I251128 20:27:00.700250 2842 13@kv/kvserver/replica_raftstorage.go:535 ⋮ [T1,Vsystem,n2,s2,r29/3:{-}] 89  applying snapshot d300c971 from (n1,s1):1 at applied index 21
I251128 20:27:00.738441 3090 13@kv/kvserver/allocator/allocatorimpl/allocator.go:2212 ⋮ [T1,Vsystem,n2,lease,s2,r29/3:/Table/2{6-7}] 90  expected leaseholder store to be in the slice of existing replicas
I251128 20:27:01.507258 3095 13@kv/kvserver/replica_raftstorage.go:535 ⋮ [T1,Vsystem,n2,s2,r42/3:{-}] 91  applying snapshot 09a8f26c from (n1,s1):1 at applied index 33
I251128 20:27:01.537427 3136 13@kv/kvserver/allocator/allocatorimpl/allocator.go:2212 ⋮ [T1,Vsystem,n2,lease,s2,r42/3:/Table/{39-40}] 92  expected leaseholder store to be in the slice of existing replicas
I251128 20:27:02.076192 3109 13@kv/kvserver/replica_raftstorage.go:535 ⋮ [T1,Vsystem,n2,s2,r7/3:{-}] 93  applying snapshot c1e344ed from (n1,s1):1 at applied index 31
I251128 20:27:02.099367 3170 13@kv/kvserver/allocator/allocatorimpl/allocator.go:2212 ⋮ [T1,Vsystem,n2,lease,s2,r7/3:/Table/{3-4}] 94  expected leaseholder store to be in the slice of existing replicas
I251128 20:27:02.548217 3099 13@kv/kvserver/replica_raftstorage.go:535 ⋮ [T1,Vsystem,n2,s2,r1/3:{-}] 95  applying snapshot 2d667be1 from (n1,s1):1 at applied index 422
I251128 20:27:03.086177 3166 13@kv/kvserver/replica_raftstorage.go:535 ⋮ [T1,Vsystem,n2,s2,r14/3:{-}] 96  applying snapshot 332dcf51 from (n1,s1):1 at applied index 181
I251128 20:27:03.116454 3202 13@kv/kvserver/allocator/allocatorimpl/allocator.go:2212 ⋮ [T1,Vsystem,n2,lease,s2,r14/3:/Table/1{1-2}] 97  expected leaseholder store to be in the slice of existing replicas
I251128 20:27:03.346226 3087 13@kv/kvserver/replica_raftstorage.go:535 ⋮ [T1,Vsystem,n2,s2,r18/3:{-}] 98  applying snapshot fd93267e from (n1,s1):1 at applied index 69
I251128 20:27:03.383537 3243 13@kv/kvserver/allocator/allocatorimpl/allocator.go:2212 ⋮ [T1,Vsystem,n2,lease,s2,r18/3:/Table/1{5-6}] 99  expected leaseholder store to be in the slice of existing replicas
I251128 20:27:04.106257 3267 13@kv/kvserver/replica_raftstorage.go:535 ⋮ [T1,Vsystem,n2,s2,r44/3:{-}] 100  applying snapshot 555fb298 from (n1,s1):1 at applied index 21
I251128 20:27:04.132443 3287 13@kv/kvserver/allocator/allocatorimpl/allocator.go:2212 ⋮ [T1,Vsystem,n2,lease,s2,r44/3:/Table/4{1-2}] 101  expected leaseholder store to be in the slice of existing replicas
I251128 20:27:04.169413 3265 13@kv/kvserver/allocator/plan/replicate.go:417 ⋮ [T1,Vsystem,n2,replicate,s2,r53/2:/Table/5{1-2}] 102  adding voter n3,s3: [1:22, 2*:22]
I251128 20:27:04.215505 3265 13@kv/kvserver/replica_command.go:2535 ⋮ [T1,Vsystem,n2,replicate,s2,r53/2:/Table/5{1-2}] 103  change replicas (add [(n3,s3):3LEARNER] remove []): existing descriptor r53:/Table/5{1-2} [(n1,s1):1, (n2,s2):2, next=3, gen=2]
I251128 20:27:04.242463 3265 13@kv/kvserver/replica_raft.go:419 ⋮ [T1,Vsystem,n2,s2,r53/2:/Table/5{1-2}] 104  proposing SIMPLE(l3) [(n3,s3):3LEARNER]: after=[(n1,s1):1 (n2,s2):2 (n3,s3):3LEARNER] next=4
I251128 20:27:04.280823 3289 13@kv/kvserver/store_snapshot.go:894 ⋮ [T1,Vsystem,n2,s2,r53/2:/Table/5{1-2}] 105  streamed snapshot 1a4ce605 at applied index 24 to (n3,s3):3LEARNER with 780 B in 0.00s @ 6.3 MiB/s: kvs=12 rangeKVs=0 sharedSSTs=0, externalSSTs=0, rate-limit: 32 MiB/s, queued: 0.02s
I251128 20:27:04.357385 2698 13@kv/kvserver/replica_raftstorage.go:535 ⋮ [T1,Vsystem,n2,s2,r64/3:{-}] 106  applying snapshot 6056ce55 from (n1,s1):1 at applied index 21
I251128 20:27:04.382404 3309 13@kv/kvserver/allocator/allocatorimpl/allocator.go:2212 ⋮ [T1,Vsystem,n2,lease,s2,r64/3:/Table/6{2-3}] 107  expected leaseholder store to be in the slice of existing replicas
I251128 20:27:04.420719 3265 13@kv/kvserver/replica_command.go:2535 ⋮ [T1,Vsystem,n2,replicate,s2,r53/2:/Table/5{1-2}] 108  change replicas (add [(n3,s3):3] remove []): existing descriptor r53:/Table/5{1-2} [(n1,s1):1, (n2,s2):2, (n3,s3):3LEARNER, next=4, gen=3]
I251128 20:27:04.435547 3265 13@kv/kvserver/replica_raft.go:419 ⋮ [T1,Vsystem,n2,s2,r53/2:/Table/5{1-2}] 109  proposing SIMPLE(v3) [(n3,s3):3]: after=[(n1,s1):1 (n2,s2):2 (n3,s3):3] next=4
I251128 20:27:04.865230 3335 13@kv/kvserver/replica_raftstorage.go:535 ⋮ [T1,Vsystem,n2,s2,r27/3:{-}] 110  applying snapshot cbd48bcd from (n1,s1):1 at applied index 21
I251128 20:27:04.890392 3375 13@kv/kvserver/allocator/allocatorimpl/allocator.go:2212 ⋮ [T1,Vsystem,n2,lease,s2,r27/3:/Table/2{4-5}] 111  expected leaseholder store to be in the slice of existing replicas
I251128 20:27:05.612223 3427 13@kv/kvserver/replica_raftstorage.go:535 ⋮ [T1,Vsystem,n2,s2,r32/3:{-}] 112  applying snapshot db0d4358 from (n1,s1):1 at applied index 21
I251128 20:27:05.634434 3418 13@kv/kvserver/allocator/allocatorimpl/allocator.go:2212 ⋮ [T1,Vsystem,n2,lease,s2,r32/3:/{Table/29-NamespaceTab…}] 113  expected leaseholder store to be in the slice of existing replicas
I251128 20:27:06.095179 3445 13@kv/kvserver/replica_raftstorage.go:535 ⋮ [T1,Vsystem,n2,s2,r9/3:{-}] 114  applying snapshot 94a3a5d0 from (n1,s1):1 at applied index 39
I251128 20:27:06.125536 3469 13@kv/kvserver/allocator/allocatorimpl/allocator.go:2212 ⋮ [T1,Vsystem,n2,lease,s2,r9/3:/Table/{5-6}] 115  expected leaseholder store to be in the slice of existing replicas
I251128 20:27:06.401244 3342 13@kv/kvserver/replica_raftstorage.go:535 ⋮ [T1,Vsystem,n2,s2,r4/3:{-}] 116  applying snapshot 40d97767 from (n1,s1):1 at applied index 40
I251128 20:27:07.032238 3495 13@kv/kvserver/replica_raftstorage.go:535 ⋮ [T1,Vsystem,n2,s2,r40/3:{-}] 117  applying snapshot 845c130c from (n1,s1):1 at applied index 31
I251128 20:27:07.051606 3544 13@kv/kvserver/allocator/allocatorimpl/allocator.go:2212 ⋮ [T1,Vsystem,n2,lease,s2,r40/3:/Table/3{7-8}] 118  expected leaseholder store to be in the slice of existing replicas
I251128 20:27:07.804217 3550 13@kv/kvserver/replica_raftstorage.go:535 ⋮ [T1,Vsystem,n2,s2,r24/3:{-}] 119  applying snapshot ab454300 from (n1,s1):1 at applied index 26
I251128 20:27:07.832455 3594 13@kv/kvserver/allocator/allocatorimpl/allocator.go:2212 ⋮ [T1,Vsystem,n2,lease,s2,r24/3:/Table/2{1-2}] 120  expected leaseholder store to be in the slice of existing replicas
I251128 20:27:08.082255 3484 13@kv/kvserver/replica_raftstorage.go:535 ⋮ [T1,Vsystem,n2,s2,r12/3:{-}] 121  applying snapshot 12372350 from (n1,s1):1 at applied index 21
I251128 20:27:08.102571 3567 13@kv/kvserver/allocator/allocatorimpl/allocator.go:2212 ⋮ [T1,Vsystem,n2,lease,s2,r12/3:/Table/{8-9}] 122  expected leaseholder store to be in the slice of existing replicas
I251128 20:27:08.436250 3610 13@kv/kvserver/replica_raftstorage.go:535 ⋮ [T1,Vsystem,n2,s2,r34/3:{-}] 123  applying snapshot 1fe83d94 from (n3,s3):2 at applied index 24
I251128 20:27:08.974267 3393 13@kv/kvserver/replica_raftstorage.go:535 ⋮ [T1,Vsystem,n2,s2,r57/3:{-}] 124  applying snapshot 20b59ba3 from (n1,s1):1 at applied index 21
I251128 20:27:08.997609 3648 13@kv/kvserver/allocator/allocatorimpl/allocator.go:2212 ⋮ [T1,Vsystem,n2,lease,s2,r57/3:/Table/5{5-6}] 125  expected leaseholder store to be in the slice of existing replicas
I251128 20:27:09.491293 3518 13@kv/kvserver/replica_raftstorage.go:535 ⋮ [T1,Vsystem,n2,s2,r59/3:{-}] 126  applying snapshot d9550ff4 from (n1,s1):1 at applied index 21
I251128 20:27:09.517780 3678 13@kv/kvserver/allocator/allocatorimpl/allocator.go:2212 ⋮ [T1,Vsystem,n2,lease,s2,r59/3:/Table/5{7-8}] 127  expected leaseholder store to be in the slice of existing replicas
I251128 20:27:10.179542 3720 13@kv/kvserver/allocator/plan/replicate.go:417 ⋮ [T1,Vsystem,n2,replicate,s2,r54/2:/Table/5{2-3}] 128  adding voter n3,s3: [1:22, 2*:22]
I251128 20:27:10.230475 3720 13@kv/kvserver/replica_command.go:2535 ⋮ [T1,Vsystem,n2,replicate,s2,r54/2:/Table/5{2-3}] 129  change replicas (add [(n3,s3):3LEARNER] remove []): existing descriptor r54:/Table/5{2-3} [(n1,s1):1, (n2,s2):2, next=3, gen=2]
I251128 20:27:10.246628 3720 13@kv/kvserver/replica_raft.go:419 ⋮ [T1,Vsystem,n2,s2,r54/2:/Table/5{2-3}] 130  proposing SIMPLE(l3) [(n3,s3):3LEARNER]: after=[(n1,s1):1 (n2,s2):2 (n3,s3):3LEARNER] next=4
I251128 20:27:10.273289 3684 13@kv/kvserver/replica_raftstorage.go:535 ⋮ [T1,Vsystem,n2,s2,r19/3:{-}] 131  applying snapshot 1ba62c67 from (n1,s1):1 at applied index 21
I251128 20:27:10.285404 3778 13@kv/kvserver/store_snapshot.go:894 ⋮ [T1,Vsystem,n2,s2,r54/2:/Table/5{2-3}] 132  streamed snapshot f2399a8b at applied index 24 to (n3,s3):3LEARNER with 782 B in 0.00s @ 5.0 MiB/s: kvs=12 rangeKVs=0 sharedSSTs=0, externalSSTs=0, rate-limit: 32 MiB/s, queued: 0.02s
I251128 20:27:10.300528 3710 13@kv/kvserver/allocator/allocatorimpl/allocator.go:2212 ⋮ [T1,Vsystem,n2,lease,s2,r19/3:/Table/1{6-7}] 133  expected leaseholder store to be in the slice of existing replicas
I251128 20:27:10.532958 3720 13@kv/kvserver/replica_command.go:2535 ⋮ [T1,Vsystem,n2,replicate,s2,r54/2:/Table/5{2-3}] 134  change replicas (add [(n3,s3):3] remove []): existing descriptor r54:/Table/5{2-3} [(n1,s1):1, (n2,s2):2, (n3,s3):3LEARNER, next=4, gen=3]
I251128 20:27:10.552729 3720 13@kv/kvserver/replica_raft.go:419 ⋮ [T1,Vsystem,n2,s2,r54/2:/Table/5{2-3}] 135  proposing SIMPLE(v3) [(n3,s3):3]: after=[(n1,s1):1 (n2,s2):2 (n3,s3):3] next=4
I251128 20:27:10.583268 3712 13@kv/kvserver/replica_raftstorage.go:535 ⋮ [T1,Vsystem,n2,s2,r63/3:{-}] 136  applying snapshot b1102ee1 from (n1,s1):1 at applied index 21
I251128 20:27:10.621603 3691 13@kv/kvserver/allocator/allocatorimpl/allocator.go:2212 ⋮ [T1,Vsystem,n2,lease,s2,r63/3:/Table/6{1-2}] 137  expected leaseholder store to be in the slice of existing replicas
I251128 20:27:11.492304 3742 13@kv/kvserver/replica_raftstorage.go:535 ⋮ [T1,Vsystem,n2,s2,r72/3:{-}] 138  applying snapshot 49bba6c0 from (n1,s1):1 at applied index 21
I251128 20:27:11.536563 3852 13@kv/kvserver/allocator/allocatorimpl/allocator.go:2212 ⋮ [T1,Vsystem,n2,lease,s2,r72/3:/Table/7{0-1}] 139  expected leaseholder store to be in the slice of existing replicas
I251128 20:27:12.253319 3860 13@kv/kvserver/replica_raftstorage.go:535 ⋮ [T1,Vsystem,n2,s2,r68/3:{-}] 140  applying snapshot 91738623 from (n1,s1):1 at applied index 21
I251128 20:27:12.290630 3880 13@kv/kvserver/allocator/allocatorimpl/allocator.go:2212 ⋮ [T1,Vsystem,n2,lease,s2,r68/3:/Table/6{6-7}] 141  expected leaseholder store to be in the slice of existing replicas
I251128 20:27:12.864333 3883 13@kv/kvserver/replica_raftstorage.go:535 ⋮ [T1,Vsystem,n2,s2,r50/3:{-}] 142  applying snapshot 5b9c8d84 from (n1,s1):1 at applied index 26
I251128 20:27:12.901610 3536 13@kv/kvserver/allocator/allocatorimpl/allocator.go:2212 ⋮ [T1,Vsystem,n2,lease,s2,r50/3:/Table/4{7-8}] 143  expected leaseholder store to be in the slice of existing replicas
I251128 20:27:13.151350 3929 13@kv/kvserver/replica_raftstorage.go:535 ⋮ [T1,Vsystem,n2,s2,r46/3:{-}] 144  applying snapshot 6c142b69 from (n1,s1):1 at applied index 21
I251128 20:27:13.190587 3758 13@kv/kvserver/allocator/allocatorimpl/allocator.go:2212 ⋮ [T1,Vsystem,n2,lease,s2,r46/3:/Table/4{3-4}] 145  expected leaseholder store to be in the slice of existing replicas
I251128 20:27:13.410378 3933 13@kv/kvserver/replica_raftstorage.go:535 ⋮ [T1,Vsystem,n2,s2,r69/3:{-}] 146  applying snapshot a6758178 from (n1,s1):1 at applied index 21
I251128 20:27:13.446799 4034 13@kv/kvserver/allocator/allocatorimpl/allocator.go:2212 ⋮ [T1,Vsystem,n2,lease,s2,r69/3:/Table/6{7-8}] 147  expected leaseholder store to be in the slice of existing replicas
I251128 20:27:14.046334 4011 13@kv/kvserver/replica_raftstorage.go:535 ⋮ [T1,Vsystem,n2,s2,r47/3:{-}] 148  applying snapshot ba734cbc from (n1,s1):1 at applied index 21
I251128 20:27:14.083586 4016 13@kv/kvserver/allocator/allocatorimpl/allocator.go:2212 ⋮ [T1,Vsystem,n2,lease,s2,r47/3:/Table/4{4-5}] 149  expected leaseholder store to be in the slice of existing replicas
I251128 20:27:14.405379 4052 13@kv/kvserver/replica_raftstorage.go:535 ⋮ [T1,Vsystem,n2,s2,r56/3:{-}] 150  applying snapshot 8303123f from (n1,s1):1 at applied index 102
I251128 20:27:14.428648 3872 13@kv/kvserver/allocator/allocatorimpl/allocator.go:2212 ⋮ [T1,Vsystem,n2,lease,s2,r56/3:/Table/5{4-5}] 151  expected leaseholder store to be in the slice of existing replicas
I251128 20:27:15.118372 4115 13@kv/kvserver/replica_raftstorage.go:535 ⋮ [T1,Vsystem,n2,s2,r71/3:{-}] 152  applying snapshot 28ffe724 from (n1,s1):1 at applied index 45
I251128 20:27:15.153658 4095 13@kv/kvserver/allocator/allocatorimpl/allocator.go:2212 ⋮ [T1,Vsystem,n2,lease,s2,r71/3:/Table/{69-70}] 153  expected leaseholder store to be in the slice of existing replicas
I251128 20:28:34.341216 8672 13@kv/kvserver/lease_queue.go:137 ⋮ [T1,Vsystem,n2,lease,s2,r52/2:/Table/5{0-1}] 154  transferring lease to s3 usage=[batches/s=0.0 request_cpu/s=1µs raft_cpu/s=75µs write(keys)/s=0.0 write(bytes)/s=2 B read(keys)/s=0.0 read(bytes)/s=0 B], lease=[repl=(n2,s2):2 seq=2 start=1764361632.100422000,1 term=7 min-exp=1764361638.120389000,0 pro=1764361632.351449000,0 acq=Request type=‹LeaseLeader›]
