2025-11-28 15:26:39 - framework.benchmark_runner - INFO - Starting experiment: local-eval-graph7-knee
2025-11-28 15:26:39 - framework.benchmark_runner - INFO - Total configurations: 12
2025-11-28 15:26:39 - framework.benchmark_runner - INFO - Repeat count: 5
2025-11-28 15:26:39 - framework.benchmark_runner - INFO - Total runs: 60
2025-11-28 15:26:39 - framework.benchmark_runner - INFO - Starting 3-node cluster
2025-11-28 15:26:39 - framework.benchmark_runner - INFO -   Base port: 26257
2025-11-28 15:26:39 - framework.benchmark_runner - INFO -   Base HTTP port: 8080
2025-11-28 15:26:39 - framework.cluster_manager - INFO - Starting 3-node cluster
2025-11-28 15:26:39 - framework.cluster_manager - INFO - Join addresses: localhost:26257,localhost:26258,localhost:26259
2025-11-28 15:26:39 - framework.cluster_manager - INFO - Started node 1 on port 26257
2025-11-28 15:26:40 - framework.cluster_manager - INFO - Started node 2 on port 26258
2025-11-28 15:26:41 - framework.cluster_manager - INFO - Started node 3 on port 26259
2025-11-28 15:26:42 - framework.cluster_manager - INFO - Initializing cluster...
2025-11-28 15:26:44 - framework.cluster_manager - INFO - Cluster is ready
2025-11-28 15:26:44 - framework.benchmark_runner - INFO - Configuring Raft replication factor...
2025-11-28 15:26:44 - framework.benchmark_runner - INFO -   Setting replication factor to 3...
2025-11-28 15:26:44 - framework.benchmark_runner - INFO -   ✓ Replication factor set to 3
2025-11-28 15:26:44 - framework.benchmark_runner - INFO - Initializing benchmark data...
2025-11-28 15:26:44 - framework.benchmark_runner - INFO -   Running: /Users/harris/Documents/cpi-ns/juicer/juicer-cc/cockroach-juicer/bin/benchmark --addrs=localhost:26257,localhost:26258,localhost:26259 --insecure --init --init-keys=10000 --init-prefix=key --init-range=10000 --init-batch=1000 --init-concurrent=4
2025-11-28 15:26:44 - framework.benchmark_runner - INFO - Connecting to cluster at [localhost:26257 localhost:26258 localhost:26259]...
✓ Connected to cluster
Initializing 10000 keys with prefix 'key' (range: 1-10000)...
Using concurrent batch writes (4 goroutines)...
✓ Initialized 10000 keys in 45.29675ms (220766.39 keys/sec)
✓ Data initialization completed

2025-11-28 15:26:44 - framework.benchmark_runner - INFO - Data initialization completed
2025-11-28 15:26:44 - framework.benchmark_runner - INFO - 
================================================================================
2025-11-28 15:26:44 - framework.benchmark_runner - INFO - Configuration 1/12: 2PL-WW_nojuicer_tx5000_ops1_keys10000_zipf0.99_c1w1
2025-11-28 15:26:44 - framework.benchmark_runner - INFO - Parameters: {'tx_count': 5000, 'ops_per_tx': 1, 'key_range': 10000, 'distribution': 'zipfian', 'zipfian_s': 0.99, 'zipfian_v': 1.0, 'read_write_ratio': 0.0, 'num_clients': 1, 'workers_per_client': 1, 'juicer_enabled': False, 'flush_time_us': 100, 'protocol': '2PL-WW'}
2025-11-28 15:26:44 - framework.benchmark_runner - INFO -   Trial 1/5
2025-11-28 15:26:44 - framework.benchmark_runner - INFO -     Executing: /Users/harris/Documents/cpi-ns/juicer/juicer-cc/cockroach-juicer/bin/benchmark --addrs=localhost:26257,localhost:26258,localhost:26259 --insecure --tx-count=5000 --ops-per-tx=1 --key-range=10000 --distribution=zipfian --read-write-ratio=0.0 --workers=1 --protocol=2PL-WW --zipfian-s=0.99 --zipfian-v=1.0
2025-11-28 15:28:21 - framework.benchmark_runner - INFO -     Result: Latency P50=19.00ms, P99=36.91ms, Throughput=51.77 ops/sec, Abort Rate=0.00%
2025-11-28 15:28:22 - framework.benchmark_runner - INFO -   Trial 2/5
2025-11-28 15:28:22 - framework.benchmark_runner - INFO -     Executing: /Users/harris/Documents/cpi-ns/juicer/juicer-cc/cockroach-juicer/bin/benchmark --addrs=localhost:26257,localhost:26258,localhost:26259 --insecure --tx-count=5000 --ops-per-tx=1 --key-range=10000 --distribution=zipfian --read-write-ratio=0.0 --workers=1 --protocol=2PL-WW --zipfian-s=0.99 --zipfian-v=1.0
2025-11-28 15:30:10 - framework.benchmark_runner - INFO -     Result: Latency P50=20.15ms, P99=36.41ms, Throughput=46.46 ops/sec, Abort Rate=0.00%
2025-11-28 15:30:11 - framework.benchmark_runner - INFO -   Trial 3/5
2025-11-28 15:30:12 - framework.benchmark_runner - INFO -     Executing: /Users/harris/Documents/cpi-ns/juicer/juicer-cc/cockroach-juicer/bin/benchmark --addrs=localhost:26257,localhost:26258,localhost:26259 --insecure --tx-count=5000 --ops-per-tx=1 --key-range=10000 --distribution=zipfian --read-write-ratio=0.0 --workers=1 --protocol=2PL-WW --zipfian-s=0.99 --zipfian-v=1.0
2025-11-28 15:31:59 - framework.benchmark_runner - INFO -     Result: Latency P50=20.11ms, P99=36.06ms, Throughput=46.92 ops/sec, Abort Rate=0.00%
2025-11-28 15:32:00 - framework.benchmark_runner - INFO -   Trial 4/5
2025-11-28 15:32:00 - framework.benchmark_runner - INFO -     Executing: /Users/harris/Documents/cpi-ns/juicer/juicer-cc/cockroach-juicer/bin/benchmark --addrs=localhost:26257,localhost:26258,localhost:26259 --insecure --tx-count=5000 --ops-per-tx=1 --key-range=10000 --distribution=zipfian --read-write-ratio=0.0 --workers=1 --protocol=2PL-WW --zipfian-s=0.99 --zipfian-v=1.0
2025-11-28 15:33:46 - framework.benchmark_runner - INFO -     Result: Latency P50=20.07ms, P99=36.12ms, Throughput=47.27 ops/sec, Abort Rate=0.00%
2025-11-28 15:33:47 - framework.benchmark_runner - INFO -   Trial 5/5
2025-11-28 15:33:48 - framework.benchmark_runner - INFO -     Executing: /Users/harris/Documents/cpi-ns/juicer/juicer-cc/cockroach-juicer/bin/benchmark --addrs=localhost:26257,localhost:26258,localhost:26259 --insecure --tx-count=5000 --ops-per-tx=1 --key-range=10000 --distribution=zipfian --read-write-ratio=0.0 --workers=1 --protocol=2PL-WW --zipfian-s=0.99 --zipfian-v=1.0
2025-11-28 15:35:29 - framework.benchmark_runner - INFO -     Result: Latency P50=19.97ms, P99=36.00ms, Throughput=49.36 ops/sec, Abort Rate=0.00%
2025-11-28 15:35:30 - framework.benchmark_runner - INFO - 
================================================================================
2025-11-28 15:35:30 - framework.benchmark_runner - INFO - Configuration 2/12: 2PL-WW_juicer-100us_tx5000_ops1_keys10000_zipf0.99_c1w1
2025-11-28 15:35:30 - framework.benchmark_runner - INFO - Parameters: {'tx_count': 5000, 'ops_per_tx': 1, 'key_range': 10000, 'distribution': 'zipfian', 'zipfian_s': 0.99, 'zipfian_v': 1.0, 'read_write_ratio': 0.0, 'num_clients': 1, 'workers_per_client': 1, 'juicer_enabled': True, 'flush_time_us': 100, 'protocol': '2PL-WW'}
2025-11-28 15:35:30 - framework.benchmark_runner - INFO -   Trial 1/5
2025-11-28 15:35:31 - framework.benchmark_runner - INFO -     Executing: /Users/harris/Documents/cpi-ns/juicer/juicer-cc/cockroach-juicer/bin/benchmark --addrs=localhost:26257,localhost:26258,localhost:26259 --insecure --tx-count=5000 --ops-per-tx=1 --key-range=10000 --distribution=zipfian --read-write-ratio=0.0 --workers=1 --protocol=2PL-WW --juicer --zipfian-s=0.99 --zipfian-v=1.0
2025-11-28 15:37:14 - framework.benchmark_runner - INFO -     Result: Latency P50=20.01ms, P99=35.93ms, Throughput=48.47 ops/sec, Abort Rate=0.00%
2025-11-28 15:37:15 - framework.benchmark_runner - INFO -   Trial 2/5
2025-11-28 15:37:16 - framework.benchmark_runner - INFO -     Executing: /Users/harris/Documents/cpi-ns/juicer/juicer-cc/cockroach-juicer/bin/benchmark --addrs=localhost:26257,localhost:26258,localhost:26259 --insecure --tx-count=5000 --ops-per-tx=1 --key-range=10000 --distribution=zipfian --read-write-ratio=0.0 --workers=1 --protocol=2PL-WW --juicer --zipfian-s=0.99 --zipfian-v=1.0
2025-11-28 15:38:56 - framework.benchmark_runner - INFO -     Result: Latency P50=19.99ms, P99=32.85ms, Throughput=49.83 ops/sec, Abort Rate=0.00%
2025-11-28 15:38:57 - framework.benchmark_runner - INFO -   Trial 3/5
2025-11-28 15:38:58 - framework.benchmark_runner - INFO -     Executing: /Users/harris/Documents/cpi-ns/juicer/juicer-cc/cockroach-juicer/bin/benchmark --addrs=localhost:26257,localhost:26258,localhost:26259 --insecure --tx-count=5000 --ops-per-tx=1 --key-range=10000 --distribution=zipfian --read-write-ratio=0.0 --workers=1 --protocol=2PL-WW --juicer --zipfian-s=0.99 --zipfian-v=1.0
2025-11-28 15:40:34 - framework.benchmark_runner - INFO -     Result: Latency P50=19.93ms, P99=31.98ms, Throughput=52.21 ops/sec, Abort Rate=0.00%
2025-11-28 15:40:35 - framework.benchmark_runner - INFO -   Trial 4/5
2025-11-28 15:40:35 - framework.benchmark_runner - INFO -     Executing: /Users/harris/Documents/cpi-ns/juicer/juicer-cc/cockroach-juicer/bin/benchmark --addrs=localhost:26257,localhost:26258,localhost:26259 --insecure --tx-count=5000 --ops-per-tx=1 --key-range=10000 --distribution=zipfian --read-write-ratio=0.0 --workers=1 --protocol=2PL-WW --juicer --zipfian-s=0.99 --zipfian-v=1.0
2025-11-28 15:42:10 - framework.benchmark_runner - INFO -     Result: Latency P50=19.88ms, P99=31.97ms, Throughput=53.00 ops/sec, Abort Rate=0.00%
2025-11-28 15:42:11 - framework.benchmark_runner - INFO -   Trial 5/5
2025-11-28 15:42:11 - framework.benchmark_runner - INFO -     Executing: /Users/harris/Documents/cpi-ns/juicer/juicer-cc/cockroach-juicer/bin/benchmark --addrs=localhost:26257,localhost:26258,localhost:26259 --insecure --tx-count=5000 --ops-per-tx=1 --key-range=10000 --distribution=zipfian --read-write-ratio=0.0 --workers=1 --protocol=2PL-WW --juicer --zipfian-s=0.99 --zipfian-v=1.0
2025-11-28 15:43:48 - framework.benchmark_runner - INFO -     Result: Latency P50=19.94ms, P99=32.27ms, Throughput=51.89 ops/sec, Abort Rate=0.00%
2025-11-28 15:43:49 - framework.benchmark_runner - INFO - 
================================================================================
2025-11-28 15:43:49 - framework.benchmark_runner - INFO - Configuration 3/12: 2PL-WW_nojuicer_tx5000_ops1_keys10000_zipf0.99_c1w2
2025-11-28 15:43:49 - framework.benchmark_runner - INFO - Parameters: {'tx_count': 5000, 'ops_per_tx': 1, 'key_range': 10000, 'distribution': 'zipfian', 'zipfian_s': 0.99, 'zipfian_v': 1.0, 'read_write_ratio': 0.0, 'num_clients': 1, 'workers_per_client': 2, 'juicer_enabled': False, 'flush_time_us': 100, 'protocol': '2PL-WW'}
2025-11-28 15:43:49 - framework.benchmark_runner - INFO -   Trial 1/5
2025-11-28 15:43:49 - framework.benchmark_runner - INFO -     Executing: /Users/harris/Documents/cpi-ns/juicer/juicer-cc/cockroach-juicer/bin/benchmark --addrs=localhost:26257,localhost:26258,localhost:26259 --insecure --tx-count=5000 --ops-per-tx=1 --key-range=10000 --distribution=zipfian --read-write-ratio=0.0 --workers=2 --protocol=2PL-WW --zipfian-s=0.99 --zipfian-v=1.0
2025-11-28 15:44:37 - framework.benchmark_runner - INFO -     Result: Latency P50=17.94ms, P99=46.14ms, Throughput=104.71 ops/sec, Abort Rate=0.00%
2025-11-28 15:44:38 - framework.benchmark_runner - INFO -   Trial 2/5
2025-11-28 15:44:39 - framework.benchmark_runner - INFO -     Executing: /Users/harris/Documents/cpi-ns/juicer/juicer-cc/cockroach-juicer/bin/benchmark --addrs=localhost:26257,localhost:26258,localhost:26259 --insecure --tx-count=5000 --ops-per-tx=1 --key-range=10000 --distribution=zipfian --read-write-ratio=0.0 --workers=2 --protocol=2PL-WW --zipfian-s=0.99 --zipfian-v=1.0
2025-11-28 15:45:32 - framework.benchmark_runner - INFO -     Result: Latency P50=20.24ms, P99=44.35ms, Throughput=95.24 ops/sec, Abort Rate=0.00%
2025-11-28 15:45:33 - framework.benchmark_runner - INFO -   Trial 3/5
2025-11-28 15:45:33 - framework.benchmark_runner - INFO -     Executing: /Users/harris/Documents/cpi-ns/juicer/juicer-cc/cockroach-juicer/bin/benchmark --addrs=localhost:26257,localhost:26258,localhost:26259 --insecure --tx-count=5000 --ops-per-tx=1 --key-range=10000 --distribution=zipfian --read-write-ratio=0.0 --workers=2 --protocol=2PL-WW --zipfian-s=0.99 --zipfian-v=1.0
2025-11-28 15:46:20 - framework.benchmark_runner - INFO -     Result: Latency P50=16.21ms, P99=44.04ms, Throughput=106.17 ops/sec, Abort Rate=0.00%
2025-11-28 15:46:21 - framework.benchmark_runner - INFO -   Trial 4/5
2025-11-28 15:46:22 - framework.benchmark_runner - INFO -     Executing: /Users/harris/Documents/cpi-ns/juicer/juicer-cc/cockroach-juicer/bin/benchmark --addrs=localhost:26257,localhost:26258,localhost:26259 --insecure --tx-count=5000 --ops-per-tx=1 --key-range=10000 --distribution=zipfian --read-write-ratio=0.0 --workers=2 --protocol=2PL-WW --zipfian-s=0.99 --zipfian-v=1.0
2025-11-28 15:47:10 - framework.benchmark_runner - INFO -     Result: Latency P50=19.80ms, P99=44.09ms, Throughput=103.90 ops/sec, Abort Rate=0.00%
2025-11-28 15:47:11 - framework.benchmark_runner - INFO -   Trial 5/5
2025-11-28 15:47:12 - framework.benchmark_runner - INFO -     Executing: /Users/harris/Documents/cpi-ns/juicer/juicer-cc/cockroach-juicer/bin/benchmark --addrs=localhost:26257,localhost:26258,localhost:26259 --insecure --tx-count=5000 --ops-per-tx=1 --key-range=10000 --distribution=zipfian --read-write-ratio=0.0 --workers=2 --protocol=2PL-WW --zipfian-s=0.99 --zipfian-v=1.0
2025-11-28 15:48:02 - framework.benchmark_runner - INFO -     Result: Latency P50=19.93ms, P99=44.07ms, Throughput=100.05 ops/sec, Abort Rate=0.00%
2025-11-28 15:48:03 - framework.benchmark_runner - INFO - 
================================================================================
2025-11-28 15:48:03 - framework.benchmark_runner - INFO - Configuration 4/12: 2PL-WW_juicer-100us_tx5000_ops1_keys10000_zipf0.99_c1w2
2025-11-28 15:48:03 - framework.benchmark_runner - INFO - Parameters: {'tx_count': 5000, 'ops_per_tx': 1, 'key_range': 10000, 'distribution': 'zipfian', 'zipfian_s': 0.99, 'zipfian_v': 1.0, 'read_write_ratio': 0.0, 'num_clients': 1, 'workers_per_client': 2, 'juicer_enabled': True, 'flush_time_us': 100, 'protocol': '2PL-WW'}
2025-11-28 15:48:03 - framework.benchmark_runner - INFO -   Trial 1/5
2025-11-28 15:48:04 - framework.benchmark_runner - INFO -     Executing: /Users/harris/Documents/cpi-ns/juicer/juicer-cc/cockroach-juicer/bin/benchmark --addrs=localhost:26257,localhost:26258,localhost:26259 --insecure --tx-count=5000 --ops-per-tx=1 --key-range=10000 --distribution=zipfian --read-write-ratio=0.0 --workers=2 --protocol=2PL-WW --juicer --zipfian-s=0.99 --zipfian-v=1.0
2025-11-28 15:48:52 - framework.benchmark_runner - INFO -     Result: Latency P50=18.02ms, P99=44.28ms, Throughput=103.69 ops/sec, Abort Rate=0.00%
2025-11-28 15:48:53 - framework.benchmark_runner - INFO -   Trial 2/5
2025-11-28 15:48:54 - framework.benchmark_runner - INFO -     Executing: /Users/harris/Documents/cpi-ns/juicer/juicer-cc/cockroach-juicer/bin/benchmark --addrs=localhost:26257,localhost:26258,localhost:26259 --insecure --tx-count=5000 --ops-per-tx=1 --key-range=10000 --distribution=zipfian --read-write-ratio=0.0 --workers=2 --protocol=2PL-WW --juicer --zipfian-s=0.99 --zipfian-v=1.0
2025-11-28 15:49:43 - framework.benchmark_runner - INFO -     Result: Latency P50=19.24ms, P99=47.92ms, Throughput=100.73 ops/sec, Abort Rate=0.00%
2025-11-28 15:49:44 - framework.benchmark_runner - INFO -   Trial 3/5
2025-11-28 15:49:45 - framework.benchmark_runner - INFO -     Executing: /Users/harris/Documents/cpi-ns/juicer/juicer-cc/cockroach-juicer/bin/benchmark --addrs=localhost:26257,localhost:26258,localhost:26259 --insecure --tx-count=5000 --ops-per-tx=1 --key-range=10000 --distribution=zipfian --read-write-ratio=0.0 --workers=2 --protocol=2PL-WW --juicer --zipfian-s=0.99 --zipfian-v=1.0
2025-11-28 15:50:32 - framework.benchmark_runner - INFO -     Result: Latency P50=16.16ms, P99=44.16ms, Throughput=106.17 ops/sec, Abort Rate=0.00%
2025-11-28 15:50:33 - framework.benchmark_runner - INFO -   Trial 4/5
2025-11-28 15:50:34 - framework.benchmark_runner - INFO -     Executing: /Users/harris/Documents/cpi-ns/juicer/juicer-cc/cockroach-juicer/bin/benchmark --addrs=localhost:26257,localhost:26258,localhost:26259 --insecure --tx-count=5000 --ops-per-tx=1 --key-range=10000 --distribution=zipfian --read-write-ratio=0.0 --workers=2 --protocol=2PL-WW --juicer --zipfian-s=0.99 --zipfian-v=1.0
2025-11-28 15:51:22 - framework.benchmark_runner - INFO -     Result: Latency P50=16.22ms, P99=47.82ms, Throughput=104.51 ops/sec, Abort Rate=0.00%
2025-11-28 15:51:23 - framework.benchmark_runner - INFO -   Trial 5/5
2025-11-28 15:51:23 - framework.benchmark_runner - INFO -     Executing: /Users/harris/Documents/cpi-ns/juicer/juicer-cc/cockroach-juicer/bin/benchmark --addrs=localhost:26257,localhost:26258,localhost:26259 --insecure --tx-count=5000 --ops-per-tx=1 --key-range=10000 --distribution=zipfian --read-write-ratio=0.0 --workers=2 --protocol=2PL-WW --juicer --zipfian-s=0.99 --zipfian-v=1.0
2025-11-28 15:52:11 - framework.benchmark_runner - INFO -     Result: Latency P50=16.15ms, P99=44.13ms, Throughput=105.50 ops/sec, Abort Rate=0.00%
2025-11-28 15:52:12 - framework.benchmark_runner - INFO - 
================================================================================
2025-11-28 15:52:12 - framework.benchmark_runner - INFO - Configuration 5/12: 2PL-WW_nojuicer_tx5000_ops1_keys10000_zipf0.99_c1w4
2025-11-28 15:52:12 - framework.benchmark_runner - INFO - Parameters: {'tx_count': 5000, 'ops_per_tx': 1, 'key_range': 10000, 'distribution': 'zipfian', 'zipfian_s': 0.99, 'zipfian_v': 1.0, 'read_write_ratio': 0.0, 'num_clients': 1, 'workers_per_client': 4, 'juicer_enabled': False, 'flush_time_us': 100, 'protocol': '2PL-WW'}
2025-11-28 15:52:12 - framework.benchmark_runner - INFO -   Trial 1/5
2025-11-28 15:52:12 - framework.benchmark_runner - INFO -     Executing: /Users/harris/Documents/cpi-ns/juicer/juicer-cc/cockroach-juicer/bin/benchmark --addrs=localhost:26257,localhost:26258,localhost:26259 --insecure --tx-count=5000 --ops-per-tx=1 --key-range=10000 --distribution=zipfian --read-write-ratio=0.0 --workers=4 --protocol=2PL-WW --zipfian-s=0.99 --zipfian-v=1.0
2025-11-28 15:52:39 - framework.benchmark_runner - INFO -     Result: Latency P50=16.21ms, P99=72.03ms, Throughput=191.82 ops/sec, Abort Rate=0.00%
2025-11-28 15:52:40 - framework.benchmark_runner - INFO -   Trial 2/5
2025-11-28 15:52:40 - framework.benchmark_runner - INFO -     Executing: /Users/harris/Documents/cpi-ns/juicer/juicer-cc/cockroach-juicer/bin/benchmark --addrs=localhost:26257,localhost:26258,localhost:26259 --insecure --tx-count=5000 --ops-per-tx=1 --key-range=10000 --distribution=zipfian --read-write-ratio=0.0 --workers=4 --protocol=2PL-WW --zipfian-s=0.99 --zipfian-v=1.0
2025-11-28 15:53:07 - framework.benchmark_runner - INFO -     Result: Latency P50=16.50ms, P99=75.81ms, Throughput=189.80 ops/sec, Abort Rate=0.00%
2025-11-28 15:53:08 - framework.benchmark_runner - INFO -   Trial 3/5
2025-11-28 15:53:08 - framework.benchmark_runner - INFO -     Executing: /Users/harris/Documents/cpi-ns/juicer/juicer-cc/cockroach-juicer/bin/benchmark --addrs=localhost:26257,localhost:26258,localhost:26259 --insecure --tx-count=5000 --ops-per-tx=1 --key-range=10000 --distribution=zipfian --read-write-ratio=0.0 --workers=4 --protocol=2PL-WW --zipfian-s=0.99 --zipfian-v=1.0
2025-11-28 15:53:34 - framework.benchmark_runner - INFO -     Result: Latency P50=16.14ms, P99=71.92ms, Throughput=192.92 ops/sec, Abort Rate=0.00%
2025-11-28 15:53:35 - framework.benchmark_runner - INFO -   Trial 4/5
2025-11-28 15:53:36 - framework.benchmark_runner - INFO -     Executing: /Users/harris/Documents/cpi-ns/juicer/juicer-cc/cockroach-juicer/bin/benchmark --addrs=localhost:26257,localhost:26258,localhost:26259 --insecure --tx-count=5000 --ops-per-tx=1 --key-range=10000 --distribution=zipfian --read-write-ratio=0.0 --workers=4 --protocol=2PL-WW --zipfian-s=0.99 --zipfian-v=1.0
2025-11-28 15:54:02 - framework.benchmark_runner - INFO -     Result: Latency P50=16.32ms, P99=69.02ms, Throughput=193.99 ops/sec, Abort Rate=0.00%
2025-11-28 15:54:03 - framework.benchmark_runner - INFO -   Trial 5/5
2025-11-28 15:54:03 - framework.benchmark_runner - INFO -     Executing: /Users/harris/Documents/cpi-ns/juicer/juicer-cc/cockroach-juicer/bin/benchmark --addrs=localhost:26257,localhost:26258,localhost:26259 --insecure --tx-count=5000 --ops-per-tx=1 --key-range=10000 --distribution=zipfian --read-write-ratio=0.0 --workers=4 --protocol=2PL-WW --zipfian-s=0.99 --zipfian-v=1.0
2025-11-28 15:54:29 - framework.benchmark_runner - INFO -     Result: Latency P50=16.23ms, P99=75.99ms, Throughput=192.03 ops/sec, Abort Rate=0.00%
2025-11-28 15:54:30 - framework.benchmark_runner - INFO - 
================================================================================
2025-11-28 15:54:30 - framework.benchmark_runner - INFO - Configuration 6/12: 2PL-WW_juicer-100us_tx5000_ops1_keys10000_zipf0.99_c1w4
2025-11-28 15:54:30 - framework.benchmark_runner - INFO - Parameters: {'tx_count': 5000, 'ops_per_tx': 1, 'key_range': 10000, 'distribution': 'zipfian', 'zipfian_s': 0.99, 'zipfian_v': 1.0, 'read_write_ratio': 0.0, 'num_clients': 1, 'workers_per_client': 4, 'juicer_enabled': True, 'flush_time_us': 100, 'protocol': '2PL-WW'}
2025-11-28 15:54:30 - framework.benchmark_runner - INFO -   Trial 1/5
2025-11-28 15:54:31 - framework.benchmark_runner - INFO -     Executing: /Users/harris/Documents/cpi-ns/juicer/juicer-cc/cockroach-juicer/bin/benchmark --addrs=localhost:26257,localhost:26258,localhost:26259 --insecure --tx-count=5000 --ops-per-tx=1 --key-range=10000 --distribution=zipfian --read-write-ratio=0.0 --workers=4 --protocol=2PL-WW --juicer --zipfian-s=0.99 --zipfian-v=1.0
2025-11-28 15:54:58 - framework.benchmark_runner - INFO -     Result: Latency P50=18.09ms, P99=71.97ms, Throughput=186.40 ops/sec, Abort Rate=0.00%
2025-11-28 15:54:59 - framework.benchmark_runner - INFO -   Trial 2/5
2025-11-28 15:55:00 - framework.benchmark_runner - INFO -     Executing: /Users/harris/Documents/cpi-ns/juicer/juicer-cc/cockroach-juicer/bin/benchmark --addrs=localhost:26257,localhost:26258,localhost:26259 --insecure --tx-count=5000 --ops-per-tx=1 --key-range=10000 --distribution=zipfian --read-write-ratio=0.0 --workers=4 --protocol=2PL-WW --juicer --zipfian-s=0.99 --zipfian-v=1.0
2025-11-28 15:55:25 - framework.benchmark_runner - INFO -     Result: Latency P50=16.22ms, P99=73.11ms, Throughput=193.48 ops/sec, Abort Rate=0.00%
2025-11-28 15:55:26 - framework.benchmark_runner - INFO -   Trial 3/5
2025-11-28 15:55:27 - framework.benchmark_runner - INFO -     Executing: /Users/harris/Documents/cpi-ns/juicer/juicer-cc/cockroach-juicer/bin/benchmark --addrs=localhost:26257,localhost:26258,localhost:26259 --insecure --tx-count=5000 --ops-per-tx=1 --key-range=10000 --distribution=zipfian --read-write-ratio=0.0 --workers=4 --protocol=2PL-WW --juicer --zipfian-s=0.99 --zipfian-v=1.0
2025-11-28 15:55:53 - framework.benchmark_runner - INFO -     Result: Latency P50=16.50ms, P99=75.99ms, Throughput=192.17 ops/sec, Abort Rate=0.00%
2025-11-28 15:55:54 - framework.benchmark_runner - INFO -   Trial 4/5
2025-11-28 15:55:55 - framework.benchmark_runner - INFO -     Executing: /Users/harris/Documents/cpi-ns/juicer/juicer-cc/cockroach-juicer/bin/benchmark --addrs=localhost:26257,localhost:26258,localhost:26259 --insecure --tx-count=5000 --ops-per-tx=1 --key-range=10000 --distribution=zipfian --read-write-ratio=0.0 --workers=4 --protocol=2PL-WW --juicer --zipfian-s=0.99 --zipfian-v=1.0
2025-11-28 15:56:21 - framework.benchmark_runner - INFO -     Result: Latency P50=16.75ms, P99=71.90ms, Throughput=190.73 ops/sec, Abort Rate=0.00%
2025-11-28 15:56:22 - framework.benchmark_runner - INFO -   Trial 5/5
2025-11-28 15:56:23 - framework.benchmark_runner - INFO -     Executing: /Users/harris/Documents/cpi-ns/juicer/juicer-cc/cockroach-juicer/bin/benchmark --addrs=localhost:26257,localhost:26258,localhost:26259 --insecure --tx-count=5000 --ops-per-tx=1 --key-range=10000 --distribution=zipfian --read-write-ratio=0.0 --workers=4 --protocol=2PL-WW --juicer --zipfian-s=0.99 --zipfian-v=1.0
2025-11-28 15:56:49 - framework.benchmark_runner - INFO -     Result: Latency P50=17.98ms, P99=73.96ms, Throughput=188.26 ops/sec, Abort Rate=0.00%
2025-11-28 15:56:50 - framework.benchmark_runner - INFO - 
================================================================================
2025-11-28 15:56:50 - framework.benchmark_runner - INFO - Configuration 7/12: 2PL-WW_nojuicer_tx5000_ops1_keys10000_zipf0.99_c1w8
2025-11-28 15:56:50 - framework.benchmark_runner - INFO - Parameters: {'tx_count': 5000, 'ops_per_tx': 1, 'key_range': 10000, 'distribution': 'zipfian', 'zipfian_s': 0.99, 'zipfian_v': 1.0, 'read_write_ratio': 0.0, 'num_clients': 1, 'workers_per_client': 8, 'juicer_enabled': False, 'flush_time_us': 100, 'protocol': '2PL-WW'}
2025-11-28 15:56:50 - framework.benchmark_runner - INFO -   Trial 1/5
2025-11-28 15:56:51 - framework.benchmark_runner - INFO -     Executing: /Users/harris/Documents/cpi-ns/juicer/juicer-cc/cockroach-juicer/bin/benchmark --addrs=localhost:26257,localhost:26258,localhost:26259 --insecure --tx-count=5000 --ops-per-tx=1 --key-range=10000 --distribution=zipfian --read-write-ratio=0.0 --workers=8 --protocol=2PL-WW --zipfian-s=0.99 --zipfian-v=1.0
2025-11-28 15:57:09 - framework.benchmark_runner - INFO -     Result: Latency P50=19.76ms, P99=180.84ms, Throughput=272.15 ops/sec, Abort Rate=0.00%
2025-11-28 15:57:10 - framework.benchmark_runner - INFO -   Trial 2/5
2025-11-28 15:57:11 - framework.benchmark_runner - INFO -     Executing: /Users/harris/Documents/cpi-ns/juicer/juicer-cc/cockroach-juicer/bin/benchmark --addrs=localhost:26257,localhost:26258,localhost:26259 --insecure --tx-count=5000 --ops-per-tx=1 --key-range=10000 --distribution=zipfian --read-write-ratio=0.0 --workers=8 --protocol=2PL-WW --zipfian-s=0.99 --zipfian-v=1.0
2025-11-28 15:57:31 - framework.benchmark_runner - INFO -     Result: Latency P50=19.77ms, P99=200.02ms, Throughput=255.50 ops/sec, Abort Rate=0.00%
2025-11-28 15:57:32 - framework.benchmark_runner - INFO -   Trial 3/5
2025-11-28 15:57:32 - framework.benchmark_runner - INFO -     Executing: /Users/harris/Documents/cpi-ns/juicer/juicer-cc/cockroach-juicer/bin/benchmark --addrs=localhost:26257,localhost:26258,localhost:26259 --insecure --tx-count=5000 --ops-per-tx=1 --key-range=10000 --distribution=zipfian --read-write-ratio=0.0 --workers=8 --protocol=2PL-WW --zipfian-s=0.99 --zipfian-v=1.0
2025-11-28 15:57:50 - framework.benchmark_runner - INFO -     Result: Latency P50=16.26ms, P99=177.01ms, Throughput=280.14 ops/sec, Abort Rate=0.00%
2025-11-28 15:57:51 - framework.benchmark_runner - INFO -   Trial 4/5
2025-11-28 15:57:52 - framework.benchmark_runner - INFO -     Executing: /Users/harris/Documents/cpi-ns/juicer/juicer-cc/cockroach-juicer/bin/benchmark --addrs=localhost:26257,localhost:26258,localhost:26259 --insecure --tx-count=5000 --ops-per-tx=1 --key-range=10000 --distribution=zipfian --read-write-ratio=0.0 --workers=8 --protocol=2PL-WW --zipfian-s=0.99 --zipfian-v=1.0
2025-11-28 15:58:11 - framework.benchmark_runner - INFO -     Result: Latency P50=19.85ms, P99=189.28ms, Throughput=266.79 ops/sec, Abort Rate=0.00%
2025-11-28 15:58:12 - framework.benchmark_runner - INFO -   Trial 5/5
2025-11-28 15:58:12 - framework.benchmark_runner - INFO -     Executing: /Users/harris/Documents/cpi-ns/juicer/juicer-cc/cockroach-juicer/bin/benchmark --addrs=localhost:26257,localhost:26258,localhost:26259 --insecure --tx-count=5000 --ops-per-tx=1 --key-range=10000 --distribution=zipfian --read-write-ratio=0.0 --workers=8 --protocol=2PL-WW --zipfian-s=0.99 --zipfian-v=1.0
2025-11-28 15:58:30 - framework.benchmark_runner - INFO -     Result: Latency P50=19.76ms, P99=164.96ms, Throughput=289.95 ops/sec, Abort Rate=0.00%
2025-11-28 15:58:31 - framework.benchmark_runner - INFO - 
================================================================================
2025-11-28 15:58:31 - framework.benchmark_runner - INFO - Configuration 8/12: 2PL-WW_juicer-100us_tx5000_ops1_keys10000_zipf0.99_c1w8
2025-11-28 15:58:31 - framework.benchmark_runner - INFO - Parameters: {'tx_count': 5000, 'ops_per_tx': 1, 'key_range': 10000, 'distribution': 'zipfian', 'zipfian_s': 0.99, 'zipfian_v': 1.0, 'read_write_ratio': 0.0, 'num_clients': 1, 'workers_per_client': 8, 'juicer_enabled': True, 'flush_time_us': 100, 'protocol': '2PL-WW'}
2025-11-28 15:58:31 - framework.benchmark_runner - INFO -   Trial 1/5
2025-11-28 15:58:31 - framework.benchmark_runner - INFO -     Executing: /Users/harris/Documents/cpi-ns/juicer/juicer-cc/cockroach-juicer/bin/benchmark --addrs=localhost:26257,localhost:26258,localhost:26259 --insecure --tx-count=5000 --ops-per-tx=1 --key-range=10000 --distribution=zipfian --read-write-ratio=0.0 --workers=8 --protocol=2PL-WW --juicer --zipfian-s=0.99 --zipfian-v=1.0
2025-11-28 15:58:49 - framework.benchmark_runner - INFO -     Result: Latency P50=19.87ms, P99=168.29ms, Throughput=281.58 ops/sec, Abort Rate=0.00%
2025-11-28 15:58:50 - framework.benchmark_runner - INFO -   Trial 2/5
2025-11-28 15:58:51 - framework.benchmark_runner - INFO -     Executing: /Users/harris/Documents/cpi-ns/juicer/juicer-cc/cockroach-juicer/bin/benchmark --addrs=localhost:26257,localhost:26258,localhost:26259 --insecure --tx-count=5000 --ops-per-tx=1 --key-range=10000 --distribution=zipfian --read-write-ratio=0.0 --workers=8 --protocol=2PL-WW --juicer --zipfian-s=0.99 --zipfian-v=1.0
2025-11-28 15:59:09 - framework.benchmark_runner - INFO -     Result: Latency P50=17.10ms, P99=172.98ms, Throughput=278.16 ops/sec, Abort Rate=0.00%
2025-11-28 15:59:10 - framework.benchmark_runner - INFO -   Trial 3/5
2025-11-28 15:59:10 - framework.benchmark_runner - INFO -     Executing: /Users/harris/Documents/cpi-ns/juicer/juicer-cc/cockroach-juicer/bin/benchmark --addrs=localhost:26257,localhost:26258,localhost:26259 --insecure --tx-count=5000 --ops-per-tx=1 --key-range=10000 --distribution=zipfian --read-write-ratio=0.0 --workers=8 --protocol=2PL-WW --juicer --zipfian-s=0.99 --zipfian-v=1.0
2025-11-28 15:59:29 - framework.benchmark_runner - INFO -     Result: Latency P50=19.73ms, P99=179.87ms, Throughput=272.20 ops/sec, Abort Rate=0.00%
2025-11-28 15:59:30 - framework.benchmark_runner - INFO -   Trial 4/5
2025-11-28 15:59:31 - framework.benchmark_runner - INFO -     Executing: /Users/harris/Documents/cpi-ns/juicer/juicer-cc/cockroach-juicer/bin/benchmark --addrs=localhost:26257,localhost:26258,localhost:26259 --insecure --tx-count=5000 --ops-per-tx=1 --key-range=10000 --distribution=zipfian --read-write-ratio=0.0 --workers=8 --protocol=2PL-WW --juicer --zipfian-s=0.99 --zipfian-v=1.0
2025-11-28 15:59:49 - framework.benchmark_runner - INFO -     Result: Latency P50=19.82ms, P99=177.87ms, Throughput=270.36 ops/sec, Abort Rate=0.00%
2025-11-28 15:59:50 - framework.benchmark_runner - INFO -   Trial 5/5
2025-11-28 15:59:51 - framework.benchmark_runner - INFO -     Executing: /Users/harris/Documents/cpi-ns/juicer/juicer-cc/cockroach-juicer/bin/benchmark --addrs=localhost:26257,localhost:26258,localhost:26259 --insecure --tx-count=5000 --ops-per-tx=1 --key-range=10000 --distribution=zipfian --read-write-ratio=0.0 --workers=8 --protocol=2PL-WW --juicer --zipfian-s=0.99 --zipfian-v=1.0
2025-11-28 16:00:10 - framework.benchmark_runner - INFO -     Result: Latency P50=19.86ms, P99=189.48ms, Throughput=265.55 ops/sec, Abort Rate=0.00%
2025-11-28 16:00:11 - framework.benchmark_runner - INFO - 
================================================================================
2025-11-28 16:00:11 - framework.benchmark_runner - INFO - Configuration 9/12: 2PL-WW_nojuicer_tx5000_ops1_keys10000_zipf0.99_c1w16
2025-11-28 16:00:11 - framework.benchmark_runner - INFO - Parameters: {'tx_count': 5000, 'ops_per_tx': 1, 'key_range': 10000, 'distribution': 'zipfian', 'zipfian_s': 0.99, 'zipfian_v': 1.0, 'read_write_ratio': 0.0, 'num_clients': 1, 'workers_per_client': 16, 'juicer_enabled': False, 'flush_time_us': 100, 'protocol': '2PL-WW'}
2025-11-28 16:00:11 - framework.benchmark_runner - INFO -   Trial 1/5
2025-11-28 16:00:11 - framework.benchmark_runner - INFO -     Executing: /Users/harris/Documents/cpi-ns/juicer/juicer-cc/cockroach-juicer/bin/benchmark --addrs=localhost:26257,localhost:26258,localhost:26259 --insecure --tx-count=5000 --ops-per-tx=1 --key-range=10000 --distribution=zipfian --read-write-ratio=0.0 --workers=16 --protocol=2PL-WW --zipfian-s=0.99 --zipfian-v=1.0
2025-11-28 16:00:29 - framework.benchmark_runner - INFO -     Result: Latency P50=19.58ms, P99=449.02ms, Throughput=291.97 ops/sec, Abort Rate=0.00%
2025-11-28 16:00:30 - framework.benchmark_runner - INFO -   Trial 2/5
2025-11-28 16:00:30 - framework.benchmark_runner - INFO -     Executing: /Users/harris/Documents/cpi-ns/juicer/juicer-cc/cockroach-juicer/bin/benchmark --addrs=localhost:26257,localhost:26258,localhost:26259 --insecure --tx-count=5000 --ops-per-tx=1 --key-range=10000 --distribution=zipfian --read-write-ratio=0.0 --workers=16 --protocol=2PL-WW --zipfian-s=0.99 --zipfian-v=1.0
2025-11-28 16:00:47 - framework.benchmark_runner - INFO -     Result: Latency P50=19.77ms, P99=454.92ms, Throughput=289.46 ops/sec, Abort Rate=0.00%
2025-11-28 16:00:48 - framework.benchmark_runner - INFO -   Trial 3/5
2025-11-28 16:00:49 - framework.benchmark_runner - INFO -     Executing: /Users/harris/Documents/cpi-ns/juicer/juicer-cc/cockroach-juicer/bin/benchmark --addrs=localhost:26257,localhost:26258,localhost:26259 --insecure --tx-count=5000 --ops-per-tx=1 --key-range=10000 --distribution=zipfian --read-write-ratio=0.0 --workers=16 --protocol=2PL-WW --zipfian-s=0.99 --zipfian-v=1.0
2025-11-28 16:01:06 - framework.benchmark_runner - INFO -     Result: Latency P50=19.79ms, P99=457.11ms, Throughput=289.20 ops/sec, Abort Rate=0.00%
2025-11-28 16:01:07 - framework.benchmark_runner - INFO -   Trial 4/5
2025-11-28 16:01:08 - framework.benchmark_runner - INFO -     Executing: /Users/harris/Documents/cpi-ns/juicer/juicer-cc/cockroach-juicer/bin/benchmark --addrs=localhost:26257,localhost:26258,localhost:26259 --insecure --tx-count=5000 --ops-per-tx=1 --key-range=10000 --distribution=zipfian --read-write-ratio=0.0 --workers=16 --protocol=2PL-WW --zipfian-s=0.99 --zipfian-v=1.0
2025-11-28 16:01:28 - framework.benchmark_runner - INFO -     Result: Latency P50=19.98ms, P99=519.95ms, Throughput=247.80 ops/sec, Abort Rate=0.00%
2025-11-28 16:01:29 - framework.benchmark_runner - INFO -   Trial 5/5
2025-11-28 16:01:30 - framework.benchmark_runner - INFO -     Executing: /Users/harris/Documents/cpi-ns/juicer/juicer-cc/cockroach-juicer/bin/benchmark --addrs=localhost:26257,localhost:26258,localhost:26259 --insecure --tx-count=5000 --ops-per-tx=1 --key-range=10000 --distribution=zipfian --read-write-ratio=0.0 --workers=16 --protocol=2PL-WW --zipfian-s=0.99 --zipfian-v=1.0
2025-11-28 16:01:48 - framework.benchmark_runner - INFO -     Result: Latency P50=19.91ms, P99=471.06ms, Throughput=272.58 ops/sec, Abort Rate=0.00%
2025-11-28 16:01:49 - framework.benchmark_runner - INFO - 
================================================================================
2025-11-28 16:01:49 - framework.benchmark_runner - INFO - Configuration 10/12: 2PL-WW_juicer-100us_tx5000_ops1_keys10000_zipf0.99_c1w16
2025-11-28 16:01:49 - framework.benchmark_runner - INFO - Parameters: {'tx_count': 5000, 'ops_per_tx': 1, 'key_range': 10000, 'distribution': 'zipfian', 'zipfian_s': 0.99, 'zipfian_v': 1.0, 'read_write_ratio': 0.0, 'num_clients': 1, 'workers_per_client': 16, 'juicer_enabled': True, 'flush_time_us': 100, 'protocol': '2PL-WW'}
2025-11-28 16:01:49 - framework.benchmark_runner - INFO -   Trial 1/5
2025-11-28 16:01:50 - framework.benchmark_runner - INFO -     Executing: /Users/harris/Documents/cpi-ns/juicer/juicer-cc/cockroach-juicer/bin/benchmark --addrs=localhost:26257,localhost:26258,localhost:26259 --insecure --tx-count=5000 --ops-per-tx=1 --key-range=10000 --distribution=zipfian --read-write-ratio=0.0 --workers=16 --protocol=2PL-WW --juicer --zipfian-s=0.99 --zipfian-v=1.0
2025-11-28 16:02:07 - framework.benchmark_runner - INFO -     Result: Latency P50=19.74ms, P99=456.06ms, Throughput=298.74 ops/sec, Abort Rate=0.00%
2025-11-28 16:02:08 - framework.benchmark_runner - INFO -   Trial 2/5
2025-11-28 16:02:08 - framework.benchmark_runner - INFO -     Executing: /Users/harris/Documents/cpi-ns/juicer/juicer-cc/cockroach-juicer/bin/benchmark --addrs=localhost:26257,localhost:26258,localhost:26259 --insecure --tx-count=5000 --ops-per-tx=1 --key-range=10000 --distribution=zipfian --read-write-ratio=0.0 --workers=16 --protocol=2PL-WW --juicer --zipfian-s=0.99 --zipfian-v=1.0
2025-11-28 16:02:25 - framework.benchmark_runner - INFO -     Result: Latency P50=19.85ms, P99=456.96ms, Throughput=294.04 ops/sec, Abort Rate=0.00%
2025-11-28 16:02:26 - framework.benchmark_runner - INFO -   Trial 3/5
2025-11-28 16:02:27 - framework.benchmark_runner - INFO -     Executing: /Users/harris/Documents/cpi-ns/juicer/juicer-cc/cockroach-juicer/bin/benchmark --addrs=localhost:26257,localhost:26258,localhost:26259 --insecure --tx-count=5000 --ops-per-tx=1 --key-range=10000 --distribution=zipfian --read-write-ratio=0.0 --workers=16 --protocol=2PL-WW --juicer --zipfian-s=0.99 --zipfian-v=1.0
2025-11-28 16:02:46 - framework.benchmark_runner - INFO -     Result: Latency P50=19.96ms, P99=515.06ms, Throughput=266.03 ops/sec, Abort Rate=0.00%
2025-11-28 16:02:47 - framework.benchmark_runner - INFO -   Trial 4/5
2025-11-28 16:02:48 - framework.benchmark_runner - INFO -     Executing: /Users/harris/Documents/cpi-ns/juicer/juicer-cc/cockroach-juicer/bin/benchmark --addrs=localhost:26257,localhost:26258,localhost:26259 --insecure --tx-count=5000 --ops-per-tx=1 --key-range=10000 --distribution=zipfian --read-write-ratio=0.0 --workers=16 --protocol=2PL-WW --juicer --zipfian-s=0.99 --zipfian-v=1.0
2025-11-28 16:03:04 - framework.benchmark_runner - INFO -     Result: Latency P50=19.81ms, P99=453.04ms, Throughput=300.89 ops/sec, Abort Rate=0.00%
2025-11-28 16:03:05 - framework.benchmark_runner - INFO -   Trial 5/5
2025-11-28 16:03:06 - framework.benchmark_runner - INFO -     Executing: /Users/harris/Documents/cpi-ns/juicer/juicer-cc/cockroach-juicer/bin/benchmark --addrs=localhost:26257,localhost:26258,localhost:26259 --insecure --tx-count=5000 --ops-per-tx=1 --key-range=10000 --distribution=zipfian --read-write-ratio=0.0 --workers=16 --protocol=2PL-WW --juicer --zipfian-s=0.99 --zipfian-v=1.0
2025-11-28 16:03:23 - framework.benchmark_runner - INFO -     Result: Latency P50=19.65ms, P99=452.93ms, Throughput=291.32 ops/sec, Abort Rate=0.00%
2025-11-28 16:03:24 - framework.benchmark_runner - INFO - 
================================================================================
2025-11-28 16:03:24 - framework.benchmark_runner - INFO - Configuration 11/12: 2PL-WW_nojuicer_tx5000_ops1_keys10000_zipf0.99_c1w24
2025-11-28 16:03:24 - framework.benchmark_runner - INFO - Parameters: {'tx_count': 5000, 'ops_per_tx': 1, 'key_range': 10000, 'distribution': 'zipfian', 'zipfian_s': 0.99, 'zipfian_v': 1.0, 'read_write_ratio': 0.0, 'num_clients': 1, 'workers_per_client': 24, 'juicer_enabled': False, 'flush_time_us': 100, 'protocol': '2PL-WW'}
2025-11-28 16:03:24 - framework.benchmark_runner - INFO -   Trial 1/5
2025-11-28 16:03:25 - framework.benchmark_runner - INFO -     Executing: /Users/harris/Documents/cpi-ns/juicer/juicer-cc/cockroach-juicer/bin/benchmark --addrs=localhost:26257,localhost:26258,localhost:26259 --insecure --tx-count=5000 --ops-per-tx=1 --key-range=10000 --distribution=zipfian --read-write-ratio=0.0 --workers=24 --protocol=2PL-WW --zipfian-s=0.99 --zipfian-v=1.0
2025-11-28 16:03:43 - framework.benchmark_runner - INFO -     Result: Latency P50=19.73ms, P99=756.95ms, Throughput=271.41 ops/sec, Abort Rate=0.00%
2025-11-28 16:03:44 - framework.benchmark_runner - INFO -   Trial 2/5
2025-11-28 16:03:45 - framework.benchmark_runner - INFO -     Executing: /Users/harris/Documents/cpi-ns/juicer/juicer-cc/cockroach-juicer/bin/benchmark --addrs=localhost:26257,localhost:26258,localhost:26259 --insecure --tx-count=5000 --ops-per-tx=1 --key-range=10000 --distribution=zipfian --read-write-ratio=0.0 --workers=24 --protocol=2PL-WW --zipfian-s=0.99 --zipfian-v=1.0
2025-11-28 16:04:03 - framework.benchmark_runner - INFO -     Result: Latency P50=19.81ms, P99=749.16ms, Throughput=279.45 ops/sec, Abort Rate=0.00%
2025-11-28 16:04:04 - framework.benchmark_runner - INFO -   Trial 3/5
2025-11-28 16:04:05 - framework.benchmark_runner - INFO -     Executing: /Users/harris/Documents/cpi-ns/juicer/juicer-cc/cockroach-juicer/bin/benchmark --addrs=localhost:26257,localhost:26258,localhost:26259 --insecure --tx-count=5000 --ops-per-tx=1 --key-range=10000 --distribution=zipfian --read-write-ratio=0.0 --workers=24 --protocol=2PL-WW --zipfian-s=0.99 --zipfian-v=1.0
2025-11-28 16:04:21 - framework.benchmark_runner - INFO -     Result: Latency P50=16.52ms, P99=754.14ms, Throughput=301.89 ops/sec, Abort Rate=0.00%
2025-11-28 16:04:22 - framework.benchmark_runner - INFO -   Trial 4/5
2025-11-28 16:04:23 - framework.benchmark_runner - INFO -     Executing: /Users/harris/Documents/cpi-ns/juicer/juicer-cc/cockroach-juicer/bin/benchmark --addrs=localhost:26257,localhost:26258,localhost:26259 --insecure --tx-count=5000 --ops-per-tx=1 --key-range=10000 --distribution=zipfian --read-write-ratio=0.0 --workers=24 --protocol=2PL-WW --zipfian-s=0.99 --zipfian-v=1.0
2025-11-28 16:04:39 - framework.benchmark_runner - INFO -     Result: Latency P50=16.12ms, P99=715.14ms, Throughput=305.25 ops/sec, Abort Rate=0.00%
2025-11-28 16:04:40 - framework.benchmark_runner - INFO -   Trial 5/5
2025-11-28 16:04:41 - framework.benchmark_runner - INFO -     Executing: /Users/harris/Documents/cpi-ns/juicer/juicer-cc/cockroach-juicer/bin/benchmark --addrs=localhost:26257,localhost:26258,localhost:26259 --insecure --tx-count=5000 --ops-per-tx=1 --key-range=10000 --distribution=zipfian --read-write-ratio=0.0 --workers=24 --protocol=2PL-WW --zipfian-s=0.99 --zipfian-v=1.0
2025-11-28 16:04:59 - framework.benchmark_runner - INFO -     Result: Latency P50=19.82ms, P99=750.20ms, Throughput=275.26 ops/sec, Abort Rate=0.00%
2025-11-28 16:05:00 - framework.benchmark_runner - INFO - 
================================================================================
2025-11-28 16:05:00 - framework.benchmark_runner - INFO - Configuration 12/12: 2PL-WW_juicer-100us_tx5000_ops1_keys10000_zipf0.99_c1w24
2025-11-28 16:05:00 - framework.benchmark_runner - INFO - Parameters: {'tx_count': 5000, 'ops_per_tx': 1, 'key_range': 10000, 'distribution': 'zipfian', 'zipfian_s': 0.99, 'zipfian_v': 1.0, 'read_write_ratio': 0.0, 'num_clients': 1, 'workers_per_client': 24, 'juicer_enabled': True, 'flush_time_us': 100, 'protocol': '2PL-WW'}
2025-11-28 16:05:00 - framework.benchmark_runner - INFO -   Trial 1/5
2025-11-28 16:05:01 - framework.benchmark_runner - INFO -     Executing: /Users/harris/Documents/cpi-ns/juicer/juicer-cc/cockroach-juicer/bin/benchmark --addrs=localhost:26257,localhost:26258,localhost:26259 --insecure --tx-count=5000 --ops-per-tx=1 --key-range=10000 --distribution=zipfian --read-write-ratio=0.0 --workers=24 --protocol=2PL-WW --juicer --zipfian-s=0.99 --zipfian-v=1.0
2025-11-28 16:05:20 - framework.benchmark_runner - INFO -     Result: Latency P50=19.97ms, P99=823.43ms, Throughput=265.91 ops/sec, Abort Rate=0.00%
2025-11-28 16:05:21 - framework.benchmark_runner - INFO -   Trial 2/5
2025-11-28 16:05:21 - framework.benchmark_runner - INFO -     Executing: /Users/harris/Documents/cpi-ns/juicer/juicer-cc/cockroach-juicer/bin/benchmark --addrs=localhost:26257,localhost:26258,localhost:26259 --insecure --tx-count=5000 --ops-per-tx=1 --key-range=10000 --distribution=zipfian --read-write-ratio=0.0 --workers=24 --protocol=2PL-WW --juicer --zipfian-s=0.99 --zipfian-v=1.0
2025-11-28 16:05:39 - framework.benchmark_runner - INFO -     Result: Latency P50=19.02ms, P99=745.38ms, Throughput=287.11 ops/sec, Abort Rate=0.00%
2025-11-28 16:05:40 - framework.benchmark_runner - INFO -   Trial 3/5
2025-11-28 16:05:40 - framework.benchmark_runner - INFO -     Executing: /Users/harris/Documents/cpi-ns/juicer/juicer-cc/cockroach-juicer/bin/benchmark --addrs=localhost:26257,localhost:26258,localhost:26259 --insecure --tx-count=5000 --ops-per-tx=1 --key-range=10000 --distribution=zipfian --read-write-ratio=0.0 --workers=24 --protocol=2PL-WW --juicer --zipfian-s=0.99 --zipfian-v=1.0
2025-11-28 16:05:58 - framework.benchmark_runner - INFO -     Result: Latency P50=19.90ms, P99=739.97ms, Throughput=289.13 ops/sec, Abort Rate=0.00%
2025-11-28 16:05:59 - framework.benchmark_runner - INFO -   Trial 4/5
2025-11-28 16:05:59 - framework.benchmark_runner - INFO -     Executing: /Users/harris/Documents/cpi-ns/juicer/juicer-cc/cockroach-juicer/bin/benchmark --addrs=localhost:26257,localhost:26258,localhost:26259 --insecure --tx-count=5000 --ops-per-tx=1 --key-range=10000 --distribution=zipfian --read-write-ratio=0.0 --workers=24 --protocol=2PL-WW --juicer --zipfian-s=0.99 --zipfian-v=1.0
2025-11-28 16:06:16 - framework.benchmark_runner - INFO -     Result: Latency P50=19.81ms, P99=746.21ms, Throughput=295.11 ops/sec, Abort Rate=0.00%
2025-11-28 16:06:17 - framework.benchmark_runner - INFO -   Trial 5/5
2025-11-28 16:06:18 - framework.benchmark_runner - INFO -     Executing: /Users/harris/Documents/cpi-ns/juicer/juicer-cc/cockroach-juicer/bin/benchmark --addrs=localhost:26257,localhost:26258,localhost:26259 --insecure --tx-count=5000 --ops-per-tx=1 --key-range=10000 --distribution=zipfian --read-write-ratio=0.0 --workers=24 --protocol=2PL-WW --juicer --zipfian-s=0.99 --zipfian-v=1.0
2025-11-28 16:06:36 - framework.benchmark_runner - INFO -     Result: Latency P50=19.82ms, P99=756.78ms, Throughput=281.41 ops/sec, Abort Rate=0.00%
2025-11-28 16:06:37 - framework.cluster_manager - INFO - Stopping 3 node(s)...
2025-11-28 16:06:41 - framework.cluster_manager - INFO - Node 1 stopped gracefully
2025-11-28 16:06:45 - framework.cluster_manager - INFO - Node 2 stopped gracefully
2025-11-28 16:06:55 - framework.cluster_manager - WARNING - Node 3 shutdown timeout, forcing...
2025-11-28 16:06:55 - framework.benchmark_runner - INFO - Results saved to: ../results/eval_graph7_knee_local/results_20251128_160655.csv
2025-11-28 16:06:55 - framework.benchmark_runner - INFO - Results saved to: ../results/eval_graph7_knee_local/results_20251128_160655.json
2025-11-28 16:06:55 - framework.benchmark_runner - INFO - Summary saved to: ../results/eval_graph7_knee_local/summary_20251128_160655.txt
Loading configuration from: configs/eval_graph7_knee_local.yaml

================================================================================
Experiment: local-eval-graph7-knee
================================================================================

Configuration: 2PL-WW_nojuicer_tx5000_ops1_keys10000_zipf0.99_c1w1
  Parameters: {'tx_count': 5000, 'ops_per_tx': 1, 'key_range': 10000, 'distribution': 'zipfian', 'zipfian_s': 0.99, 'zipfian_v': 1.0, 'read_write_ratio': 0.0, 'num_clients': 1, 'workers_per_client': 1, 'juicer_enabled': False, 'flush_time_us': 100, 'protocol': '2PL-WW'}
  Latency P50: 19.860 ± 0.485 ms
  Latency P99: 36.300 ± 0.376 ms
  Throughput: 48.36 ± 2.21 ops/sec
  Abort Rate: 0.00 ± 0.00 %
  Sample Count: 5

Configuration: 2PL-WW_juicer-100us_tx5000_ops1_keys10000_zipf0.99_c1w1
  Parameters: {'tx_count': 5000, 'ops_per_tx': 1, 'key_range': 10000, 'distribution': 'zipfian', 'zipfian_s': 0.99, 'zipfian_v': 1.0, 'read_write_ratio': 0.0, 'num_clients': 1, 'workers_per_client': 1, 'juicer_enabled': True, 'flush_time_us': 100, 'protocol': '2PL-WW'}
  Latency P50: 19.950 ± 0.051 ms
  Latency P99: 33.000 ± 1.676 ms
  Throughput: 51.08 ± 1.87 ops/sec
  Abort Rate: 0.00 ± 0.00 %
  Sample Count: 5

Configuration: 2PL-WW_nojuicer_tx5000_ops1_keys10000_zipf0.99_c1w2
  Parameters: {'tx_count': 5000, 'ops_per_tx': 1, 'key_range': 10000, 'distribution': 'zipfian', 'zipfian_s': 0.99, 'zipfian_v': 1.0, 'read_write_ratio': 0.0, 'num_clients': 1, 'workers_per_client': 2, 'juicer_enabled': False, 'flush_time_us': 100, 'protocol': '2PL-WW'}
  Latency P50: 18.824 ± 1.717 ms
  Latency P99: 44.538 ± 0.904 ms
  Throughput: 102.01 ± 4.41 ops/sec
  Abort Rate: 0.00 ± 0.00 %
  Sample Count: 5

Configuration: 2PL-WW_juicer-100us_tx5000_ops1_keys10000_zipf0.99_c1w2
  Parameters: {'tx_count': 5000, 'ops_per_tx': 1, 'key_range': 10000, 'distribution': 'zipfian', 'zipfian_s': 0.99, 'zipfian_v': 1.0, 'read_write_ratio': 0.0, 'num_clients': 1, 'workers_per_client': 2, 'juicer_enabled': True, 'flush_time_us': 100, 'protocol': '2PL-WW'}
  Latency P50: 17.158 ± 1.412 ms
  Latency P99: 45.662 ± 2.017 ms
  Throughput: 104.12 ± 2.12 ops/sec
  Abort Rate: 0.00 ± 0.00 %
  Sample Count: 5

Configuration: 2PL-WW_nojuicer_tx5000_ops1_keys10000_zipf0.99_c1w4
  Parameters: {'tx_count': 5000, 'ops_per_tx': 1, 'key_range': 10000, 'distribution': 'zipfian', 'zipfian_s': 0.99, 'zipfian_v': 1.0, 'read_write_ratio': 0.0, 'num_clients': 1, 'workers_per_client': 4, 'juicer_enabled': False, 'flush_time_us': 100, 'protocol': '2PL-WW'}
  Latency P50: 16.280 ± 0.139 ms
  Latency P99: 72.954 ± 2.948 ms
  Throughput: 192.11 ± 1.55 ops/sec
  Abort Rate: 0.00 ± 0.00 %
  Sample Count: 5

Configuration: 2PL-WW_juicer-100us_tx5000_ops1_keys10000_zipf0.99_c1w4
  Parameters: {'tx_count': 5000, 'ops_per_tx': 1, 'key_range': 10000, 'distribution': 'zipfian', 'zipfian_s': 0.99, 'zipfian_v': 1.0, 'read_write_ratio': 0.0, 'num_clients': 1, 'workers_per_client': 4, 'juicer_enabled': True, 'flush_time_us': 100, 'protocol': '2PL-WW'}
  Latency P50: 17.108 ± 0.868 ms
  Latency P99: 73.386 ± 1.688 ms
  Throughput: 190.21 ± 2.88 ops/sec
  Abort Rate: 0.00 ± 0.00 %
  Sample Count: 5

Configuration: 2PL-WW_nojuicer_tx5000_ops1_keys10000_zipf0.99_c1w8
  Parameters: {'tx_count': 5000, 'ops_per_tx': 1, 'key_range': 10000, 'distribution': 'zipfian', 'zipfian_s': 0.99, 'zipfian_v': 1.0, 'read_write_ratio': 0.0, 'num_clients': 1, 'workers_per_client': 8, 'juicer_enabled': False, 'flush_time_us': 100, 'protocol': '2PL-WW'}
  Latency P50: 19.080 ± 1.577 ms
  Latency P99: 182.422 ± 13.167 ms
  Throughput: 272.91 ± 13.07 ops/sec
  Abort Rate: 0.00 ± 0.00 %
  Sample Count: 5

Configuration: 2PL-WW_juicer-100us_tx5000_ops1_keys10000_zipf0.99_c1w8
  Parameters: {'tx_count': 5000, 'ops_per_tx': 1, 'key_range': 10000, 'distribution': 'zipfian', 'zipfian_s': 0.99, 'zipfian_v': 1.0, 'read_write_ratio': 0.0, 'num_clients': 1, 'workers_per_client': 8, 'juicer_enabled': True, 'flush_time_us': 100, 'protocol': '2PL-WW'}
  Latency P50: 19.276 ± 1.218 ms
  Latency P99: 177.698 ± 7.974 ms
  Throughput: 273.57 ± 6.36 ops/sec
  Abort Rate: 0.00 ± 0.00 %
  Sample Count: 5

Configuration: 2PL-WW_nojuicer_tx5000_ops1_keys10000_zipf0.99_c1w16
  Parameters: {'tx_count': 5000, 'ops_per_tx': 1, 'key_range': 10000, 'distribution': 'zipfian', 'zipfian_s': 0.99, 'zipfian_v': 1.0, 'read_write_ratio': 0.0, 'num_clients': 1, 'workers_per_client': 16, 'juicer_enabled': False, 'flush_time_us': 100, 'protocol': '2PL-WW'}
  Latency P50: 19.806 ± 0.153 ms
  Latency P99: 470.412 ± 28.849 ms
  Throughput: 278.20 ± 18.66 ops/sec
  Abort Rate: 0.00 ± 0.00 %
  Sample Count: 5

Configuration: 2PL-WW_juicer-100us_tx5000_ops1_keys10000_zipf0.99_c1w16
  Parameters: {'tx_count': 5000, 'ops_per_tx': 1, 'key_range': 10000, 'distribution': 'zipfian', 'zipfian_s': 0.99, 'zipfian_v': 1.0, 'read_write_ratio': 0.0, 'num_clients': 1, 'workers_per_client': 16, 'juicer_enabled': True, 'flush_time_us': 100, 'protocol': '2PL-WW'}
  Latency P50: 19.802 ± 0.116 ms
  Latency P99: 466.810 ± 27.032 ms
  Throughput: 290.20 ± 14.03 ops/sec
  Abort Rate: 0.00 ± 0.00 %
  Sample Count: 5

Configuration: 2PL-WW_nojuicer_tx5000_ops1_keys10000_zipf0.99_c1w24
  Parameters: {'tx_count': 5000, 'ops_per_tx': 1, 'key_range': 10000, 'distribution': 'zipfian', 'zipfian_s': 0.99, 'zipfian_v': 1.0, 'read_write_ratio': 0.0, 'num_clients': 1, 'workers_per_client': 24, 'juicer_enabled': False, 'flush_time_us': 100, 'protocol': '2PL-WW'}
  Latency P50: 18.400 ± 1.904 ms
  Latency P99: 745.118 ± 17.046 ms
  Throughput: 286.65 ± 15.75 ops/sec
  Abort Rate: 0.00 ± 0.00 %
  Sample Count: 5

Configuration: 2PL-WW_juicer-100us_tx5000_ops1_keys10000_zipf0.99_c1w24
  Parameters: {'tx_count': 5000, 'ops_per_tx': 1, 'key_range': 10000, 'distribution': 'zipfian', 'zipfian_s': 0.99, 'zipfian_v': 1.0, 'read_write_ratio': 0.0, 'num_clients': 1, 'workers_per_client': 24, 'juicer_enabled': True, 'flush_time_us': 100, 'protocol': '2PL-WW'}
  Latency P50: 19.704 ± 0.388 ms
  Latency P99: 762.354 ± 34.681 ms
  Throughput: 283.73 ± 11.10 ops/sec
  Abort Rate: 0.00 ± 0.00 %
  Sample Count: 5
Generating plots...
	Latency vs Flush Time: ../results/eval_graph7_knee_local/plots/latency_vs_flush_time.png
	Throughput vs Concurrency: ../results/eval_graph7_knee_local/plots/throughput_vs_concurrency.png
	Abort Rate Comparison: ../results/eval_graph7_knee_local/plots/abort_rate_comparison.png
	Contention Study: ../results/eval_graph7_knee_local/plots/latency_vs_contention.png
	[EVAL] Graph 7 (Knee): ../results/eval_graph7_knee_local/plots/eval_graph7_knee.png
	[EVAL] Graph 8 (Throughput vs Zipf): ../results/eval_graph7_knee_local/plots/eval_graph8_throughput_zipf.png
	[EVAL] Graph 9 (Abort vs Zipf): ../results/eval_graph7_knee_local/plots/eval_graph9_abort_zipf.png

Plots saved to: ../results/eval_graph7_knee_local/plots
